Archive member included to satisfy reference by file (symbol)

.\CortexM3\ARM_GCC_541\Debug\Practica4.2.a(UART_isr.o)
                              .\CortexM3\ARM_GCC_541\Debug\main.o (UART_isr_StartEx)
.\CortexM3\ARM_GCC_541\Debug\Practica4.2.a(Pantalla.o)
                              .\CortexM3\ARM_GCC_541\Debug\main.o (Pantalla_PrintString)
.\CortexM3\ARM_GCC_541\Debug\Practica4.2.a(generadorOnda.o)
                              .\CortexM3\ARM_GCC_541\Debug\main.o (generadorOnda_Stop)
.\CortexM3\ARM_GCC_541\Debug\Practica4.2.a(Clock_1.o)
                              .\CortexM3\ARM_GCC_541\Debug\main.o (Clock_1_GetDividerRegister)
.\CortexM3\ARM_GCC_541\Debug\Practica4.2.a(generadorOnda_Wave1_DMA_dma.o)
                              .\CortexM3\ARM_GCC_541\Debug\Practica4.2.a(generadorOnda.o) (generadorOnda_Wave1_DMA_DmaInitialize)
.\CortexM3\ARM_GCC_541\Debug\Practica4.2.a(generadorOnda_Wave2_DMA_dma.o)
                              .\CortexM3\ARM_GCC_541\Debug\Practica4.2.a(generadorOnda.o) (generadorOnda_Wave2_DMA_DmaInitialize)
.\CortexM3\ARM_GCC_541\Debug\Practica4.2.a(generadorOnda_VDAC8.o)
                              .\CortexM3\ARM_GCC_541\Debug\Practica4.2.a(generadorOnda.o) (generadorOnda_VDAC8_Enable)
.\CortexM3\ARM_GCC_541\Debug\Practica4.2.a(CyDmac.o)
                              .\CortexM3\ARM_GCC_541\Debug\Cm3Start.o (CyDmacConfigure)
.\CortexM3\ARM_GCC_541\Debug\Practica4.2.a(CyLib.o)
                              .\CortexM3\ARM_GCC_541\Debug\Cm3Start.o (CyHalt)
.\CortexM3\ARM_GCC_541\Debug\Practica4.2.a(cyPm.o)
                              .\CortexM3\ARM_GCC_541\Debug\Practica4.2.a(CyLib.o) (CyPmReadStatus)
.\CortexM3\ARM_GCC_541\Debug\Practica4.2.a(UART.o)
                              .\CortexM3\ARM_GCC_541\Debug\main.o (UART_Start)
.\CortexM3\ARM_GCC_541\Debug\Practica4.2.a(UART_IntClock.o)
                              .\CortexM3\ARM_GCC_541\Debug\Practica4.2.a(UART.o) (UART_IntClock_Start)
.\CortexM3\ARM_GCC_541\Debug\Practica4.2.a(CyBootAsmGnu.o)
                              .\CortexM3\ARM_GCC_541\Debug\cyfitter_cfg.o (CyDelayCycles)
.\CortexM3\ARM_GCC_541\Debug\Practica4.2.a(CyFlash.o)
                              .\CortexM3\ARM_GCC_541\Debug\Practica4.2.a(cyPm.o) (CyFlash_SetWaitCycles)
.\CortexM3\ARM_GCC_541\Debug\Practica4.2.a(CySpc.o)
                              .\CortexM3\ARM_GCC_541\Debug\Practica4.2.a(CyFlash.o) (CySpcStart)
c:/program files (x86)/cypress/psoc creator/4.2/psoc creator/import/gnu/arm/5.4.1/bin/../lib/gcc/arm-none-eabi/5.4.1/../../../../arm-none-eabi/lib/armv7-m\libm.a(lib_a-s_sin.o)
                              .\CortexM3\ARM_GCC_541\Debug\main.o (sin)
c:/program files (x86)/cypress/psoc creator/4.2/psoc creator/import/gnu/arm/5.4.1/bin/../lib/gcc/arm-none-eabi/5.4.1/../../../../arm-none-eabi/lib/armv7-m\libm.a(lib_a-e_rem_pio2.o)
                              c:/program files (x86)/cypress/psoc creator/4.2/psoc creator/import/gnu/arm/5.4.1/bin/../lib/gcc/arm-none-eabi/5.4.1/../../../../arm-none-eabi/lib/armv7-m\libm.a(lib_a-s_sin.o) (__ieee754_rem_pio2)
c:/program files (x86)/cypress/psoc creator/4.2/psoc creator/import/gnu/arm/5.4.1/bin/../lib/gcc/arm-none-eabi/5.4.1/../../../../arm-none-eabi/lib/armv7-m\libm.a(lib_a-k_cos.o)
                              c:/program files (x86)/cypress/psoc creator/4.2/psoc creator/import/gnu/arm/5.4.1/bin/../lib/gcc/arm-none-eabi/5.4.1/../../../../arm-none-eabi/lib/armv7-m\libm.a(lib_a-s_sin.o) (__kernel_cos)
c:/program files (x86)/cypress/psoc creator/4.2/psoc creator/import/gnu/arm/5.4.1/bin/../lib/gcc/arm-none-eabi/5.4.1/../../../../arm-none-eabi/lib/armv7-m\libm.a(lib_a-k_rem_pio2.o)
                              c:/program files (x86)/cypress/psoc creator/4.2/psoc creator/import/gnu/arm/5.4.1/bin/../lib/gcc/arm-none-eabi/5.4.1/../../../../arm-none-eabi/lib/armv7-m\libm.a(lib_a-e_rem_pio2.o) (__kernel_rem_pio2)
c:/program files (x86)/cypress/psoc creator/4.2/psoc creator/import/gnu/arm/5.4.1/bin/../lib/gcc/arm-none-eabi/5.4.1/../../../../arm-none-eabi/lib/armv7-m\libm.a(lib_a-k_sin.o)
                              c:/program files (x86)/cypress/psoc creator/4.2/psoc creator/import/gnu/arm/5.4.1/bin/../lib/gcc/arm-none-eabi/5.4.1/../../../../arm-none-eabi/lib/armv7-m\libm.a(lib_a-s_sin.o) (__kernel_sin)
c:/program files (x86)/cypress/psoc creator/4.2/psoc creator/import/gnu/arm/5.4.1/bin/../lib/gcc/arm-none-eabi/5.4.1/../../../../arm-none-eabi/lib/armv7-m\libm.a(lib_a-s_fabs.o)
                              c:/program files (x86)/cypress/psoc creator/4.2/psoc creator/import/gnu/arm/5.4.1/bin/../lib/gcc/arm-none-eabi/5.4.1/../../../../arm-none-eabi/lib/armv7-m\libm.a(lib_a-e_rem_pio2.o) (fabs)
c:/program files (x86)/cypress/psoc creator/4.2/psoc creator/import/gnu/arm/5.4.1/bin/../lib/gcc/arm-none-eabi/5.4.1/../../../../arm-none-eabi/lib/armv7-m\libm.a(lib_a-s_floor.o)
[...]
Memory Configuration

Name             Origin             Length             Attributes
rom              0x00000000         0x00040000         xr
ram              0x1fff8000         0x00010000         xrw
*default*        0x00000000         0xffffffff

Linker script and memory map

LOAD c:/program files (x86)/cypress/psoc creator/4.2/psoc creator/import/gnu/arm/5.4.1/bin/../lib/gcc/arm-none-eabi/5.4.1/armv7-m/crti.o
LOAD c:/program files (x86)/cypress/psoc creator/4.2/psoc creator/import/gnu/arm/5.4.1/bin/../lib/gcc/arm-none-eabi/5.4.1/armv7-m/crtbegin.o
LOAD c:/program files (x86)/cypress/psoc creator/4.2/psoc creator/import/gnu/arm/5.4.1/bin/../lib/gcc/arm-none-eabi/5.4.1/../../../../arm-none-eabi/lib/armv7-m/crt0.o
START GROUP
LOAD .\CortexM3\ARM_GCC_541\Debug\main.o
LOAD .\CortexM3\ARM_GCC_541\Debug\cyfitter_cfg.o
LOAD .\CortexM3\ARM_GCC_541\Debug\cymetadata.o
LOAD .\CortexM3\ARM_GCC_541\Debug\Cm3Start.o
LOAD .\CortexM3\ARM_GCC_541\Debug\Practica4.2.a
LOAD C:\Program Files (x86)\Cypress\PSoC Creator\4.2\PSoC Creator\psoc\content\cycomponentlibrary\CyComponentLibrary.cylib\CortexM3\ARM_GCC_541\Debug\CyComponentLibrary.a
LOAD c:/program files (x86)/cypress/psoc creator/4.2/psoc creator/import/gnu/arm/5.4.1/bin/../lib/gcc/arm-none-eabi/5.4.1/../../../../arm-none-eabi/lib/armv7-m\libm.a
END GROUP
START GROUP
LOAD c:/program files (x86)/cypress/psoc creator/4.2/psoc creator/import/gnu/arm/5.4.1/bin/../lib/gcc/arm-none-eabi/5.4.1/armv7-m\libgcc.a
LOAD c:/program files (x86)/cypress/psoc creator/4.2/psoc creator/import/gnu/arm/5.4.1/bin/../lib/gcc/arm-none-eabi/5.4.1/../../../../arm-none-eabi/lib/armv7-m\libg_nano.a
LOAD c:/program files (x86)/cypress/psoc creator/4.2/psoc creator/import/gnu/arm/5.4.1/bin/../lib/gcc/arm-none-eabi/5.4.1/../../../../arm-none-eabi/lib/armv7-m\libc_nano.a
END GROUP
START GROUP
LOAD c:/program files (x86)/cypress/psoc creator/4.2/psoc creator/import/gnu/arm/5.4.1/bin/../lib/gcc/arm-none-eabi/5.4.1/armv7-m\libgcc.a
LOAD c:/program files (x86)/cypress/psoc creator/4.2/psoc creator/import/gnu/arm/5.4.1/bin/../lib/gcc/arm-none-eabi/5.4.1/../../../../arm-none-eabi/lib/armv7-m\libc_nano.a
END GROUP
LOAD c:/program files (x86)/cypress/psoc creator/4.2/psoc creator/import/gnu/arm/5.4.1/bin/../lib/gcc/arm-none-eabi/5.4.1/armv7-m/crtend.o
LOAD c:/program files (x86)/cypress/psoc creator/4.2/psoc creator/import/gnu/arm/5.4.1/bin/../lib/gcc/arm-none-eabi/5.4.1/armv7-m/crtn.o
START GROUP
LOAD c:/program files (x86)/cypress/psoc creator/4.2/psoc creator/import/gnu/arm/5.4.1/bin/../lib/gcc/arm-none-eabi/5.4.1/armv7-m\libgcc.a
LOAD c:/program files (x86)/cypress/psoc creator/4.2/psoc creator/import/gnu/arm/5.4.1/bin/../lib/gcc/arm-none-eabi/5.4.1/../../../../arm-none-eabi/lib/armv7-m\libc.a
LOAD c:/program files (x86)/cypress/psoc creator/4.2/psoc creator/import/gnu/arm/5.4.1/bin/../lib/gcc/arm-none-eabi/5.4.1/../../../../arm-none-eabi/lib/armv7-m\libnosys.a
END GROUP
                0x00000000                CY_APPL_ORIGIN = 0x0
                0x00000100                CY_FLASH_ROW_SIZE = 0x100
                0x00000020                CY_ECC_ROW_SIZE = 0x20
                0x00000000                CY_EE_IN_BTLDR = 0x0
                0x00000000                CY_APPL_LOADABLE = 0x0
                0x00000800                CY_EE_SIZE = 0x800
                0x00000001                CY_APPL_NUM = 0x1
                0x00000001                CY_APPL_MAX = 0x1
                0x00000040                CY_METADATA_SIZE = 0x40
                0x00000000                CY_APPL_LOADABLE = 0x0
                0x00000000                CY_CHECKSUM_EXCLUDE_SIZE = ALIGN (0x0, CY_FLASH_ROW_SIZE)
                [!provide]                PROVIDE (__cy_heap_start, _end)
                0x00000001                PROVIDE (__cy_region_num, ((__cy_regions_end - __cy_regions) / 0x10))
                0x20008000                PROVIDE (__cy_stack, (ORIGIN (ram) + LENGTH (ram)))
                [!provide]                PROVIDE (__cy_heap_end, (__cy_stack - 0x800))

.cybootloader   0x00000000        0x0
 *(.cybootloader)
                0x00000000                appl1_start = CY_APPL_ORIGIN?CY_APPL_ORIGIN:ALIGN (CY_FLASH_ROW_SIZE)
                0x0001ff00                appl2_start = (appl1_start + ALIGN ((((LENGTH (rom) - appl1_start) - (0x2 * CY_FLASH_ROW_SIZE)) / 0x2), CY_FLASH_ROW_SIZE))
                0x00000000                appl_start = (CY_APPL_NUM == 0x1)?appl1_start:appl2_start
                0x00000000                ecc_offset = ((appl_start / CY_FLASH_ROW_SIZE) * CY_ECC_ROW_SIZE)
                0x00000000                ee_offset = (CY_APPL_LOADABLE && ! (CY_EE_IN_BTLDR))?((CY_EE_SIZE / CY_APPL_MAX) * (CY_APPL_NUM - 0x1)):0x0
                0x00000800                ee_size = (CY_APPL_LOADABLE && ! (CY_EE_IN_BTLDR))?(CY_EE_SIZE / CY_APPL_MAX):CY_EE_SIZE
                [!provide]                PROVIDE (CY_ECC_OFFSET, ecc_offset)

.text           0x00000000     0x3172
 CREATE_OBJECT_SYMBOLS
                0x00000000                PROVIDE (__cy_interrupt_vector, RomVectors)
 *(.romvectors)
 .romvectors    0x00000000       0x10 .\CortexM3\ARM_GCC_541\Debug\Cm3Start.o
                0x00000000                RomVectors
                0x00000001                ASSERT ((. != __cy_interrupt_vector), No interrupt vector)
                0x00000001                ASSERT (CY_APPL_ORIGIN?(SIZEOF (.cybootloader) <= CY_APPL_ORIGIN):0x1, Wrong image location)
                0x00000010                PROVIDE (__cy_reset, Reset)
 *(.text.Reset)
 .text.Reset    0x00000010       0x18 .\CortexM3\ARM_GCC_541\Debug\Cm3Start.o
                0x00000010                Reset
                0x00000001                ASSERT ((. != __cy_reset), No reset code)
 *(.dma_init)
                0x00000001                ASSERT ((((appl_start + .) <= 0x10000) || 0x1), DMA Init must be within the first 64k of flash)
 *(.text .text.* .gnu.linkonce.t.*)
 .text          0x00000028       0x5c c:/program files (x86)/cypress/psoc creator/4.2/psoc creator/import/gnu/arm/5.4.1/bin/../lib/gcc/arm-none-eabi/5.4.1/armv7-m/crtbegin.o
 .text.RxIsr    0x00000084      0x1d4 .\CortexM3\ARM_GCC_541\Debug\main.o
                0x00000084                RxIsr
 .text.main     0x00000258      0x194 .\CortexM3\ARM_GCC_541\Debug\main.o
                0x00000258                main
 .text.CyClockStartupError
                0x000003ec        0x4 .\CortexM3\ARM_GCC_541\Debug\cyfitter_cfg.o
 .text.cfg_write_bytes32
                0x000003f0       0x34 .\CortexM3\ARM_GCC_541\Debug\cyfitter_cfg.o
 .text.AnalogSetDefault
                0x00000424       0x38 .\CortexM3\ARM_GCC_541\Debug\cyfitter_cfg.o
 .text.CYMEMZERO
                0x0000045c        0xc .\CortexM3\ARM_GCC_541\Debug\cyfitter_cfg.o
 .text.ClockSetup
                0x00000468       0xc0 .\CortexM3\ARM_GCC_541\Debug\cyfitter_cfg.o
 .text.CYCONFIGCPY
                0x00000528        0x8 .\CortexM3\ARM_GCC_541\Debug\cyfitter_cfg.o
 .text.cyfitter_cfg
                0x00000530      0x138 .\CortexM3\ARM_GCC_541\Debug\cyfitter_cfg.o
                0x00000530                cyfitter_cfg
 .text.IntDefaultHandler
                0x00000668       0x10 .\CortexM3\ARM_GCC_541\Debug\Cm3Start.o
                0x00000668                IntDefaultHandler
 .text.Start_c  0x00000678       0x4c .\CortexM3\ARM_GCC_541\Debug\Cm3Start.o
                0x00000678                Start_c
 .text.initialize_psoc
                0x000006c4       0x6c .\CortexM3\ARM_GCC_541\Debug\Cm3Start.o
                0x000006c4                initialize_psoc
 .text.UART_isr_SetVector
                0x00000730        0xc .\CortexM3\ARM_GCC_541\Debug\Practica4.2.a(UART_isr.o)
                0x00000730                UART_isr_SetVector
 .text.UART_isr_SetPriority
                0x0000073c       0x10 .\CortexM3\ARM_GCC_541\Debug\Practica4.2.a(UART_isr.o)
                0x0000073c                UART_isr_SetPriority
 .text.UART_isr_Enable
                0x0000074c        0xc .\CortexM3\ARM_GCC_541\Debug\Practica4.2.a(UART_isr.o)
                0x0000074c                UART_isr_Enable
 .text.UART_isr_Disable
                0x00000758        0xc .\CortexM3\ARM_GCC_541\Debug\Practica4.2.a(UART_isr.o)
                0x00000758                UART_isr_Disable
 .text.UART_isr_StartEx
                0x00000764       0x1c .\CortexM3\ARM_GCC_541\Debug\Practica4.2.a(UART_isr.o)
                0x00000764                UART_isr_StartEx
 .text.Pantalla_WrCntrlNib
                0x00000780       0x38 .\CortexM3\ARM_GCC_541\Debug\Practica4.2.a(Pantalla.o)
 .text.Pantalla_WrDatNib
                0x000007b8       0x48 .\CortexM3\ARM_GCC_541\Debug\Practica4.2.a(Pantalla.o)
 .text.Pantalla_IsReady
                0x00000800       0xe0 .\CortexM3\ARM_GCC_541\Debug\Practica4.2.a(Pantalla.o)
                0x00000800                Pantalla_IsReady
 .text.Pantalla_WriteData
                0x000008e0       0x18 .\CortexM3\ARM_GCC_541\Debug\Practica4.2.a(Pantalla.o)
                0x000008e0                Pantalla_WriteData
 .text.Pantalla_PrintString
                0x000008f8       0x1c .\CortexM3\ARM_GCC_541\Debug\Practica4.2.a(Pantalla.o)
                0x000008f8                Pantalla_PrintString
 .text.Pantalla_WriteControl
                0x00000914       0x18 .\CortexM3\ARM_GCC_541\Debug\Practica4.2.a(Pantalla.o)
                0x00000914                Pantalla_WriteControl
 .text.Pantalla_Init
                0x0000092c       0x6c .\CortexM3\ARM_GCC_541\Debug\Practica4.2.a(Pantalla.o)
                0x0000092c                Pantalla_Init
 .text.Pantalla_Enable
                0x00000998       0x14 .\CortexM3\ARM_GCC_541\Debug\Practica4.2.a(Pantalla.o)
                0x00000998                Pantalla_Enable
 .text.Pantalla_Start
                0x000009ac       0x1c .\CortexM3\ARM_GCC_541\Debug\Practica4.2.a(Pantalla.o)
                0x000009ac                Pantalla_Start
 .text.Pantalla_Position
                0x000009c8       0x3c .\CortexM3\ARM_GCC_541\Debug\Practica4.2.a(Pantalla.o)
                0x000009c8                Pantalla_Position
 .text.generadorOnda_Enable
                0x00000a04       0x24 .\CortexM3\ARM_GCC_541\Debug\Practica4.2.a(generadorOnda.o)
                0x00000a04                generadorOnda_Enable
 .text.generadorOnda_Stop
                0x00000a28       0x1c .\CortexM3\ARM_GCC_541\Debug\Practica4.2.a(generadorOnda.o)
                0x00000a28                generadorOnda_Stop
 .text.generadorOnda_Wave1Setup
                0x00000a44       0x40 .\CortexM3\ARM_GCC_541\Debug\Practica4.2.a(generadorOnda.o)
                0x00000a44                generadorOnda_Wave1Setup
 .text.generadorOnda_Wave2Setup
                0x00000a84       0x40 .\CortexM3\ARM_GCC_541\Debug\Practica4.2.a(generadorOnda.o)
                0x00000a84                generadorOnda_Wave2Setup
 .text.generadorOnda_Init
                0x00000ac4       0x40 .\CortexM3\ARM_GCC_541\Debug\Practica4.2.a(generadorOnda.o)
                0x00000ac4                generadorOnda_Init
 .text.generadorOnda_Start
                0x00000b04       0x1c .\CortexM3\ARM_GCC_541\Debug\Practica4.2.a(generadorOnda.o)
                0x00000b04                generadorOnda_Start
 .text.Clock_1_GetDividerRegister
                0x00000b20        0xc .\CortexM3\ARM_GCC_541\Debug\Practica4.2.a(Clock_1.o)
                0x00000b20                Clock_1_GetDividerRegister
 .text.Clock_1_GetSourceRegister
                0x00000b2c       0x10 .\CortexM3\ARM_GCC_541\Debug\Practica4.2.a(Clock_1.o)
                0x00000b2c                Clock_1_GetSourceRegister
 .text.Clock_1_SetDividerRegister
                0x00000b3c       0xd8 .\CortexM3\ARM_GCC_541\Debug\Practica4.2.a(Clock_1.o)
                0x00000b3c                Clock_1_SetDividerRegister
 .text.generadorOnda_Wave1_DMA_DmaInitialize
                0x00000c14       0x3c .\CortexM3\ARM_GCC_541\Debug\Practica4.2.a(generadorOnda_Wave1_DMA_dma.o)
                0x00000c14                generadorOnda_Wave1_DMA_DmaInitialize
 .text.generadorOnda_Wave2_DMA_DmaInitialize
                0x00000c50       0x3c .\CortexM3\ARM_GCC_541\Debug\Practica4.2.a(generadorOnda_Wave2_DMA_dma.o)
                0x00000c50                generadorOnda_Wave2_DMA_DmaInitialize
 .text.generadorOnda_VDAC8_Enable
                0x00000c8c       0x1c .\CortexM3\ARM_GCC_541\Debug\Practica4.2.a(generadorOnda_VDAC8.o)
                0x00000c8c                generadorOnda_VDAC8_Enable
 .text.generadorOnda_VDAC8_Stop
                0x00000ca8       0x1c .\CortexM3\ARM_GCC_541\Debug\Practica4.2.a(generadorOnda_VDAC8.o)
                0x00000ca8                generadorOnda_VDAC8_Stop
 .text.generadorOnda_VDAC8_SetSpeed
                0x00000cc4       0x1c .\CortexM3\ARM_GCC_541\Debug\Practica4.2.a(generadorOnda_VDAC8.o)
                0x00000cc4                generadorOnda_VDAC8_SetSpeed
 .text.generadorOnda_VDAC8_SetValue
                0x00000ce0        0xc .\CortexM3\ARM_GCC_541\Debug\Practica4.2.a(generadorOnda_VDAC8.o)
                0x00000ce0                generadorOnda_VDAC8_SetValue
 .text.generadorOnda_VDAC8_DacTrim
                0x00000cec       0x24 .\CortexM3\ARM_GCC_541\Debug\Practica4.2.a(generadorOnda_VDAC8.o)
                0x00000cec                generadorOnda_VDAC8_DacTrim
 .text.generadorOnda_VDAC8_SetRange
                0x00000d10       0x20 .\CortexM3\ARM_GCC_541\Debug\Practica4.2.a(generadorOnda_VDAC8.o)
                0x00000d10                generadorOnda_VDAC8_SetRange
 .text.generadorOnda_VDAC8_Init
                0x00000d30       0x2c .\CortexM3\ARM_GCC_541\Debug\Practica4.2.a(generadorOnda_VDAC8.o)
                0x00000d30                generadorOnda_VDAC8_Init
 .text.CyDmacConfigure
                0x00000d5c       0x34 .\CortexM3\ARM_GCC_541\Debug\Practica4.2.a(CyDmac.o)
                0x00000d5c                CyDmacConfigure
 .text.CyDmaChEnable
                0x00000d90       0x38 .\CortexM3\ARM_GCC_541\Debug\Practica4.2.a(CyDmac.o)
                0x00000d90                CyDmaChEnable
 .text.CyDmaChDisable
                0x00000dc8       0x24 .\CortexM3\ARM_GCC_541\Debug\Practica4.2.a(CyDmac.o)
                0x00000dc8                CyDmaChDisable
 .text.CyDmaChPriority
                0x00000dec       0x24 .\CortexM3\ARM_GCC_541\Debug\Practica4.2.a(CyDmac.o)
                0x00000dec                CyDmaChPriority
 .text.CyDmaChSetExtendedAddress
                0x00000e10       0x34 .\CortexM3\ARM_GCC_541\Debug\Practica4.2.a(CyDmac.o)
                0x00000e10                CyDmaChSetExtendedAddress
 .text.CyDmaChSetInitialTd
                0x00000e44       0x18 .\CortexM3\ARM_GCC_541\Debug\Practica4.2.a(CyDmac.o)
                0x00000e44                CyDmaChSetInitialTd
 .text.CyDmaChSetConfiguration
                0x00000e5c       0x44 .\CortexM3\ARM_GCC_541\Debug\Practica4.2.a(CyDmac.o)
                0x00000e5c                CyDmaChSetConfiguration
 .text.CyDmaTdAllocate
                0x00000ea0       0x34 .\CortexM3\ARM_GCC_541\Debug\Practica4.2.a(CyDmac.o)
                0x00000ea0                CyDmaTdAllocate
 .text.CyDmaTdSetConfiguration
                0x00000ed4       0x28 .\CortexM3\ARM_GCC_541\Debug\Practica4.2.a(CyDmac.o)
                0x00000ed4                CyDmaTdSetConfiguration
 .text.CyDmaTdSetAddress
                0x00000efc       0x1c .\CortexM3\ARM_GCC_541\Debug\Practica4.2.a(CyDmac.o)
                0x00000efc                CyDmaTdSetAddress
 .text.CyDelay  0x00000f18       0x2c .\CortexM3\ARM_GCC_541\Debug\Practica4.2.a(CyLib.o)
                0x00000f18                CyDelay
 .text.CyDelayUs
                0x00000f44       0x14 .\CortexM3\ARM_GCC_541\Debug\Practica4.2.a(CyLib.o)
                0x00000f44                CyDelayUs
 .text.UART_Init
                0x00000f58       0x28 .\CortexM3\ARM_GCC_541\Debug\Practica4.2.a(UART.o)
                0x00000f58                UART_Init
 .text.UART_Enable
                0x00000f80       0x3c .\CortexM3\ARM_GCC_541\Debug\Practica4.2.a(UART.o)
                0x00000f80                UART_Enable
 .text.UART_Start
                0x00000fbc       0x1c .\CortexM3\ARM_GCC_541\Debug\Practica4.2.a(UART.o)
                0x00000fbc                UART_Start
 .text.UART_PutChar
                0x00000fd8       0x18 .\CortexM3\ARM_GCC_541\Debug\Practica4.2.a(UART.o)
                0x00000fd8                UART_PutChar
 .text.UART_PutString
                0x00000ff0       0x24 .\CortexM3\ARM_GCC_541\Debug\Practica4.2.a(UART.o)
                0x00000ff0                UART_PutString
 .text.UART_IntClock_Start
                0x00001014       0x1c .\CortexM3\ARM_GCC_541\Debug\Practica4.2.a(UART_IntClock.o)
                0x00001014                UART_IntClock_Start
 .text          0x00001030       0x20 .\CortexM3\ARM_GCC_541\Debug\Practica4.2.a(CyBootAsmGnu.o)
                0x00001030                CyDelayCycles
                0x00001040                CyEnterCriticalSection
                0x00001048                CyExitCriticalSection
 .text.sin      0x00001050       0x90 c:/program files (x86)/cypress/psoc creator/4.2/psoc creator/import/gnu/arm/5.4.1/bin/../lib/gcc/arm-none-eabi/5.4.1/../../../../arm-none-eabi/lib/armv7-m\libm.a(lib_a-s_sin.o)
                0x00001050                sin
 .text.__ieee754_rem_pio2
                0x000010e0      0x42c c:/program files (x86)/cypress/psoc creator/4.2/psoc creator/import/gnu/arm/5.4.1/bin/../lib/gcc/arm-none-eabi/5.4.1/../../../../arm-none-eabi/lib/armv7-m\libm.a(lib_a-e_rem_pio2.o)
                0x000010e0                __ieee754_rem_pio2
 *fill*         0x0000150c        0x4 
 .text.__kernel_cos
                0x00001510      0x248 c:/program files (x86)/cypress/psoc creator/4.2/psoc creator/import/gnu/arm/5.4.1/bin/../lib/gcc/arm-none-eabi/5.4.1/../../../../arm-none-eabi/lib/armv7-m\libm.a(lib_a-k_cos.o)
                0x00001510                __kernel_cos
 .text.__kernel_rem_pio2
                0x00001758      0x7f0 c:/program files (x86)/cypress/psoc creator/4.2/psoc creator/import/gnu/arm/5.4.1/bin/../lib/gcc/arm-none-eabi/5.4.1/../../../../arm-none-eabi/lib/armv7-m\libm.a(lib_a-k_rem_pio2.o)
                0x00001758                __kernel_rem_pio2
 .text.__kernel_sin
                0x00001f48      0x16c c:/program files (x86)/cypress/psoc creator/4.2/psoc creator/import/gnu/arm/5.4.1/bin/../lib/gcc/arm-none-eabi/5.4.1/../../../../arm-none-eabi/lib/armv7-m\libm.a(lib_a-k_sin.o)
                0x00001f48                __kernel_sin
 .text.fabs     0x000020b4        0x8 c:/program files (x86)/cypress/psoc creator/4.2/psoc creator/import/gnu/arm/5.4.1/bin/../lib/gcc/arm-none-eabi/5.4.1/../../../../arm-none-eabi/lib/armv7-m\libm.a(lib_a-s_fabs.o)
                0x000020b4                fabs
 *fill*         0x000020bc        0x4 
 .text.floor    0x000020c0      0x110 c:/program files (x86)/cypress/psoc creator/4.2/psoc creator/import/gnu/arm/5.4.1/bin/../lib/gcc/arm-none-eabi/5.4.1/../../../../arm-none-eabi/lib/armv7-m\libm.a(lib_a-s_floor.o)
                0x000020c0                floor
 .text.scalbn   0x000021d0       0xe4 c:/program files (x86)/cypress/psoc creator/4.2/psoc creator/import/gnu/arm/5.4.1/bin/../lib/gcc/arm-none-eabi/5.4.1/../../../../arm-none-eabi/lib/armv7-m\libm.a(lib_a-s_scalbn.o)
                0x000021d0                scalbn
 .text.copysign
                0x000022b4       0x10 c:/program files (x86)/cypress/psoc creator/4.2/psoc creator/import/gnu/arm/5.4.1/bin/../lib/gcc/arm-none-eabi/5.4.1/../../../../arm-none-eabi/lib/armv7-m\libm.a(lib_a-s_copysign.o)
                0x000022b4                copysign
 .text          0x000022c4      0x370 c:/program files (x86)/cypress/psoc creator/4.2/psoc creator/import/gnu/arm/5.4.1/bin/../lib/gcc/arm-none-eabi/5.4.1/armv7-m\libgcc.a(_arm_addsubdf3.o)
                0x000022c4                __aeabi_drsub
                0x000022cc                __aeabi_dsub
                0x000022cc                __subdf3
                0x000022d0                __aeabi_dadd
                0x000022d0                __adddf3
                0x00002548                __floatunsidf
                0x00002548                __aeabi_ui2d
                0x00002568                __floatsidf
                0x00002568                __aeabi_i2d
                0x0000258c                __aeabi_f2d
                0x0000258c                __extendsfdf2
                0x000025c8                __floatundidf
                0x000025c8                __aeabi_ul2d
                0x000025d8                __floatdidf
                0x000025d8                __aeabi_l2d
 .text          0x00002634      0x424 c:/program files (x86)/cypress/psoc creator/4.2/psoc creator/import/gnu/arm/5.4.1/bin/../lib/gcc/arm-none-eabi/5.4.1/armv7-m\libgcc.a(_arm_muldivdf3.o)
                0x00002634                __aeabi_dmul
                0x00002634                __muldf3
                0x00002888                __divdf3
                0x00002888                __aeabi_ddiv
 .text          0x00002a58      0x110 c:/program files (x86)/cypress/psoc creator/4.2/psoc creator/import/gnu/arm/5.4.1/bin/../lib/gcc/arm-none-eabi/5.4.1/armv7-m\libgcc.a(_arm_cmpdf2.o)
                0x00002a58                __gtdf2
                0x00002a58                __gedf2
                0x00002a60                __ltdf2
                0x00002a60                __ledf2
                0x00002a68                __nedf2
                0x00002a68                __eqdf2
                0x00002a68                __cmpdf2
                0x00002ae4                __aeabi_cdrcmple
                0x00002af4                __aeabi_cdcmpeq
                0x00002af4                __aeabi_cdcmple
                0x00002b04                __aeabi_dcmpeq
                0x00002b18                __aeabi_dcmplt
                0x00002b2c                __aeabi_dcmple
                0x00002b40                __aeabi_dcmpge
                0x00002b54                __aeabi_dcmpgt
 .text          0x00002b68       0x50 c:/program files (x86)/cypress/psoc creator/4.2/psoc creator/import/gnu/arm/5.4.1/bin/../lib/gcc/arm-none-eabi/5.4.1/armv7-m\libgcc.a(_arm_fixdfsi.o)
                0x00002b68                __aeabi_d2iz
                0x00002b68                __fixdfsi
 .text          0x00002bb8       0x40 c:/program files (x86)/cypress/psoc creator/4.2/psoc creator/import/gnu/arm/5.4.1/bin/../lib/gcc/arm-none-eabi/5.4.1/armv7-m\libgcc.a(_arm_fixunsdfsi.o)
                0x00002bb8                __aeabi_d2uiz
                0x00002bb8                __fixunsdfsi
 .text          0x00002bf8      0x21c c:/program files (x86)/cypress/psoc creator/4.2/psoc creator/import/gnu/arm/5.4.1/bin/../lib/gcc/arm-none-eabi/5.4.1/armv7-m\libgcc.a(_arm_addsubsf3.o)
                0x00002bf8                __aeabi_frsub
                0x00002c00                __subsf3
                0x00002c00                __aeabi_fsub
                0x00002c04                __aeabi_fadd
                0x00002c04                __addsf3
                0x00002d64                __aeabi_ui2f
                0x00002d64                __floatunsisf
                0x00002d6c                __aeabi_i2f
                0x00002d6c                __floatsisf
                0x00002d88                __aeabi_ul2f
                0x00002d88                __floatundisf
                0x00002d98                __aeabi_l2f
                0x00002d98                __floatdisf
 .text          0x00002e14      0x2a0 c:/program files (x86)/cypress/psoc creator/4.2/psoc creator/import/gnu/arm/5.4.1/bin/../lib/gcc/arm-none-eabi/5.4.1/armv7-m\libgcc.a(_arm_muldivsf3.o)
                0x00002e14                __mulsf3
                0x00002e14                __aeabi_fmul
                0x00002f7c                __aeabi_fdiv
                0x00002f7c                __divsf3
 .text          0x000030b4       0x40 c:/program files (x86)/cypress/psoc creator/4.2/psoc creator/import/gnu/arm/5.4.1/bin/../lib/gcc/arm-none-eabi/5.4.1/armv7-m\libgcc.a(_arm_fixunssfsi.o)
                0x000030b4                __fixunssfsi
                0x000030b4                __aeabi_f2uiz
 .text.__errno  0x000030f4        0xc c:/program files (x86)/cypress/psoc creator/4.2/psoc creator/import/gnu/arm/5.4.1/bin/../lib/gcc/arm-none-eabi/5.4.1/../../../../arm-none-eabi/lib/armv7-m\libg_nano.a(lib_a-errno.o)
                0x000030f4                __errno
 .text.__libc_init_array
                0x00003100       0x4c c:/program files (x86)/cypress/psoc creator/4.2/psoc creator/import/gnu/arm/5.4.1/bin/../lib/gcc/arm-none-eabi/5.4.1/../../../../arm-none-eabi/lib/armv7-m\libg_nano.a(lib_a-init.o)
                0x00003100                __libc_init_array
 .text.memcpy   0x0000314c       0x16 c:/program files (x86)/cypress/psoc creator/4.2/psoc creator/import/gnu/arm/5.4.1/bin/../lib/gcc/arm-none-eabi/5.4.1/../../../../arm-none-eabi/lib/armv7-m\libg_nano.a(lib_a-memcpy-stub.o)
                0x0000314c                memcpy
 .text.memset   0x00003162       0x10 c:/program files (x86)/cypress/psoc creator/4.2/psoc creator/import/gnu/arm/5.4.1/bin/../lib/gcc/arm-none-eabi/5.4.1/../../../../arm-none-eabi/lib/armv7-m\libg_nano.a(lib_a-memset.o)
                0x00003162                memset
 *(.plt)
 *(.gnu.warning)
 *(.glue_7t)
 .glue_7t       0x00003172        0x0 linker stubs
 *(.glue_7)
 .glue_7        0x00003172        0x0 linker stubs
 *(.vfp11_veneer)
 .vfp11_veneer  0x00003172        0x0 linker stubs
 *(.bootloader)
 *(.ARM.extab* .gnu.linkonce.armextab.*)
 *(.gcc_except_table)

.v4_bx          0x00003174        0x0
 .v4_bx         0x00003174        0x0 linker stubs

.iplt           0x00003174        0x0
 .iplt          0x00003174        0x0 c:/program files (x86)/cypress/psoc creator/4.2/psoc creator/import/gnu/arm/5.4.1/bin/../lib/gcc/arm-none-eabi/5.4.1/armv7-m/crtbegin.o

.eh_frame_hdr
 *(.eh_frame_hdr)

.eh_frame       0x00003174        0x4
 *(.eh_frame)
 .eh_frame      0x00003174        0x0 c:/program files (x86)/cypress/psoc creator/4.2/psoc creator/import/gnu/arm/5.4.1/bin/../lib/gcc/arm-none-eabi/5.4.1/armv7-m/crtbegin.o
 .eh_frame      0x00003174        0x4 c:/program files (x86)/cypress/psoc creator/4.2/psoc creator/import/gnu/arm/5.4.1/bin/../lib/gcc/arm-none-eabi/5.4.1/armv7-m/crtend.o
                [!provide]                PROVIDE (__exidx_start, .)

.ARM.exidx
 *(.ARM.exidx* .gnu.linkonce.armexidx.*)
                0x00003178                __exidx_end = .

.rodata         0x00003178     0x1380
 *(.rodata .rodata.* .gnu.linkonce.r.*)
 .rodata.str1.4
                0x00003178      0x12c .\CortexM3\ARM_GCC_541\Debug\main.o
                                0x12a (size before relaxing)
 .rodata        0x000032a4       0x3a .\CortexM3\ARM_GCC_541\Debug\cyfitter_cfg.o
 *fill*         0x000032de        0x2 
 .rodata        0x000032e0     0x1004 .\CortexM3\ARM_GCC_541\Debug\Practica4.2.a(generadorOnda.o)
                0x000032e0                generadorOnda_wave1
                0x00004280                generadorOnda_wave2
 .rodata.npio2_hw
                0x000042e4       0x80 c:/program files (x86)/cypress/psoc creator/4.2/psoc creator/import/gnu/arm/5.4.1/bin/../lib/gcc/arm-none-eabi/5.4.1/../../../../arm-none-eabi/lib/armv7-m\libm.a(lib_a-e_rem_pio2.o)
 .rodata.two_over_pi
                0x00004364      0x108 c:/program files (x86)/cypress/psoc creator/4.2/psoc creator/import/gnu/arm/5.4.1/bin/../lib/gcc/arm-none-eabi/5.4.1/../../../../arm-none-eabi/lib/armv7-m\libm.a(lib_a-e_rem_pio2.o)
 .rodata.init_jk
                0x0000446c       0x10 c:/program files (x86)/cypress/psoc creator/4.2/psoc creator/import/gnu/arm/5.4.1/bin/../lib/gcc/arm-none-eabi/5.4.1/../../../../arm-none-eabi/lib/armv7-m\libm.a(lib_a-k_rem_pio2.o)
 *fill*         0x0000447c        0x4 
 .rodata.PIo2   0x00004480       0x40 c:/program files (x86)/cypress/psoc creator/4.2/psoc creator/import/gnu/arm/5.4.1/bin/../lib/gcc/arm-none-eabi/5.4.1/../../../../arm-none-eabi/lib/armv7-m\libm.a(lib_a-k_rem_pio2.o)
 .rodata.str1.1
                0x000044c0        0x2 c:/program files (x86)/cypress/psoc creator/4.2/psoc creator/import/gnu/arm/5.4.1/bin/../lib/gcc/arm-none-eabi/5.4.1/../../../../arm-none-eabi/lib/armv7-m\libg_nano.a(lib_a-impure.o)
                0x000044c4                . = ALIGN (0x4)
 *fill*         0x000044c2        0x2 
 *(.init)
 .init          0x000044c4        0x4 c:/program files (x86)/cypress/psoc creator/4.2/psoc creator/import/gnu/arm/5.4.1/bin/../lib/gcc/arm-none-eabi/5.4.1/armv7-m/crti.o
                0x000044c4                _init
 .init          0x000044c8        0x8 c:/program files (x86)/cypress/psoc creator/4.2/psoc creator/import/gnu/arm/5.4.1/bin/../lib/gcc/arm-none-eabi/5.4.1/armv7-m/crtn.o
                0x000044d0                . = ALIGN (0x4)
                0x000044d0                __preinit_array_start = .
 *(.preinit_array)
                0x000044d0                __preinit_array_end = .
                0x000044d0                . = ALIGN (0x4)
                0x000044d0                __init_array_start = .
 *(SORT(.init_array.*))
 *(.init_array)
 .init_array    0x000044d0        0x4 c:/program files (x86)/cypress/psoc creator/4.2/psoc creator/import/gnu/arm/5.4.1/bin/../lib/gcc/arm-none-eabi/5.4.1/armv7-m/crtbegin.o
 .init_array    0x000044d4        0x4 .\CortexM3\ARM_GCC_541\Debug\Cm3Start.o
                0x000044d8                __init_array_end = .
                0x000044d8                . = ALIGN (0x4)
 *(.fini)
 .fini          0x000044d8        0x4 c:/program files (x86)/cypress/psoc creator/4.2/psoc creator/import/gnu/arm/5.4.1/bin/../lib/gcc/arm-none-eabi/5.4.1/armv7-m/crti.o
                0x000044d8                _fini
 .fini          0x000044dc        0x8 c:/program files (x86)/cypress/psoc creator/4.2/psoc creator/import/gnu/arm/5.4.1/bin/../lib/gcc/arm-none-eabi/5.4.1/armv7-m/crtn.o
                0x000044e4                . = ALIGN (0x4)
                0x000044e4                __fini_array_start = .
 *(.fini_array)
 .fini_array    0x000044e4        0x4 c:/program files (x86)/cypress/psoc creator/4.2/psoc creator/import/gnu/arm/5.4.1/bin/../lib/gcc/arm-none-eabi/5.4.1/armv7-m/crtbegin.o
 *(SORT(.fini_array.*))
                0x000044e8                __fini_array_end = .
                0x000044e8                . = ALIGN (0x4)
 *crtbegin.o(.ctors)
 *(EXCLUDE_FILE(*crtend.o) .ctors)
 *(SORT(.ctors.*))
 *crtend.o(.ctors)
                0x000044e8                . = ALIGN (0x4)
 *crtbegin.o(.dtors)
 *(EXCLUDE_FILE(*crtend.o) .dtors)
 *(SORT(.dtors.*))
 *crtend.o(.dtors)
                0x000044e8                . = ALIGN (0x4)
                0x000044e8                __cy_regions = .
                0x000044e8        0x4 LONG 0x44f8 __cy_region_init_ram
                0x000044ec        0x4 LONG 0x1fff80c8 __cy_region_start_data
                0x000044f0        0x4 LONG 0x90 __cy_region_init_size_ram
                0x000044f4        0x4 LONG 0xfd0 __cy_region_zero_size_ram
                0x000044f8                __cy_regions_end = .
                0x000044f8                . = ALIGN (0x8)
                0x000044f8                _etext = .

.cy_checksum_exclude
                0x000044f8        0x0
 *(.cy_checksum_exclude)

.ramvectors     0x1fff8000       0xc0
                0x1fff8000                __cy_region_start_ram = .
 *(.ramvectors)
 .ramvectors    0x1fff8000       0xc0 .\CortexM3\ARM_GCC_541\Debug\Cm3Start.o
                0x1fff8000                CyRamVectors

.noinit         0x1fff80c0        0x1
 *(.noinit)
 .noinit        0x1fff80c0        0x1 .\CortexM3\ARM_GCC_541\Debug\Practica4.2.a(CyLib.o)
                0x1fff80c0                CyResetStatus

.data           0x1fff80c8       0x90 load address 0x000044f8
                0x1fff80c8                __cy_region_start_data = .
 *(.jcr)
 .jcr           0x1fff80c8        0x0 c:/program files (x86)/cypress/psoc creator/4.2/psoc creator/import/gnu/arm/5.4.1/bin/../lib/gcc/arm-none-eabi/5.4.1/armv7-m/crtbegin.o
 .jcr           0x1fff80c8        0x4 c:/program files (x86)/cypress/psoc creator/4.2/psoc creator/import/gnu/arm/5.4.1/bin/../lib/gcc/arm-none-eabi/5.4.1/armv7-m/crtend.o
 *(.got.plt)
 *(.got)
 *(.shdata)
 *(.data .data.* .gnu.linkonce.d.*)
 .data          0x1fff80cc        0x8 .\CortexM3\ARM_GCC_541\Debug\main.o
                0x1fff80cc                amp
                0x1fff80d0                incrementarFase
 .data          0x1fff80d4        0x1 .\CortexM3\ARM_GCC_541\Debug\Practica4.2.a(generadorOnda_Wave1_DMA_dma.o)
                0x1fff80d4                generadorOnda_Wave1_DMA_DmaHandle
 .data          0x1fff80d5        0x1 .\CortexM3\ARM_GCC_541\Debug\Practica4.2.a(generadorOnda_Wave2_DMA_dma.o)
                0x1fff80d5                generadorOnda_Wave2_DMA_DmaHandle
 *fill*         0x1fff80d6        0x2 
 .data          0x1fff80d8        0x8 .\CortexM3\ARM_GCC_541\Debug\Practica4.2.a(CyDmac.o)
 .data          0x1fff80e0       0x10 .\CortexM3\ARM_GCC_541\Debug\Practica4.2.a(CyLib.o)
                0x1fff80e0                cydelay_32k_ms
                0x1fff80e4                cydelay_freq_khz
                0x1fff80e8                cydelay_freq_mhz
                0x1fff80ec                cydelay_freq_hz
 .data.impure_data
                0x1fff80f0       0x60 c:/program files (x86)/cypress/psoc creator/4.2/psoc creator/import/gnu/arm/5.4.1/bin/../lib/gcc/arm-none-eabi/5.4.1/../../../../arm-none-eabi/lib/armv7-m\libg_nano.a(lib_a-impure.o)
 .data._impure_ptr
                0x1fff8150        0x4 c:/program files (x86)/cypress/psoc creator/4.2/psoc creator/import/gnu/arm/5.4.1/bin/../lib/gcc/arm-none-eabi/5.4.1/../../../../arm-none-eabi/lib/armv7-m\libg_nano.a(lib_a-impure.o)
                0x1fff8150                _impure_ptr
                0x1fff8158                . = ALIGN (0x8)
 *fill*         0x1fff8154        0x4 
 *(.ram)
                0x1fff8158                _edata = .

.igot.plt       0x1fff8158        0x0 load address 0x00004588
 .igot.plt      0x1fff8158        0x0 c:/program files (x86)/cypress/psoc creator/4.2/psoc creator/import/gnu/arm/5.4.1/bin/../lib/gcc/arm-none-eabi/5.4.1/armv7-m/crtbegin.o

.bss            0x1fff8158      0xfd0 load address 0x00004588
                0x1fff8158                PROVIDE (__bss_start__, .)
 *(.shbss)
 *(.bss .bss.* .gnu.linkonce.b.*)
 .bss           0x1fff8158       0x1c c:/program files (x86)/cypress/psoc creator/4.2/psoc creator/import/gnu/arm/5.4.1/bin/../lib/gcc/arm-none-eabi/5.4.1/armv7-m/crtbegin.o
 .bss           0x1fff8174        0x5 .\CortexM3\ARM_GCC_541\Debug\main.o
                0x1fff8174                errorStatus
                0x1fff8175                type
                0x1fff8176                i
                0x1fff8178                j
 .bss           0x1fff8179        0x2 .\CortexM3\ARM_GCC_541\Debug\Practica4.2.a(Pantalla.o)
                0x1fff8179                Pantalla_enableState
                0x1fff817a                Pantalla_initVar
 .bss           0x1fff817b        0x5 .\CortexM3\ARM_GCC_541\Debug\Practica4.2.a(generadorOnda.o)
                0x1fff817f                generadorOnda_initVar
 .bss           0x1fff8180        0x2 .\CortexM3\ARM_GCC_541\Debug\Practica4.2.a(UART.o)
                0x1fff8180                UART_initVar
 *(COMMON)
 *fill*         0x1fff8182        0x2 
 COMMON         0x1fff8184      0xfa4 .\CortexM3\ARM_GCC_541\Debug\main.o
                0x1fff8184                op
                0x1fff8188                signal
                0x1fff9128                . = ALIGN (0x8)
 *(.ram.b)
                0x1fff9128                _end = .
                0x1fff9128                __end = .
                0x1fff9128                PROVIDE (end, .)
                0x1fff9128                PROVIDE (__bss_end__, .)
                0x000044f8                __cy_region_init_ram = LOADADDR (.data)
                0x00000090                __cy_region_init_size_ram = (_edata - ADDR (.data))
                0x00000fd0                __cy_region_zero_size_ram = (_end - _edata)

.heap           0x1fff9128       0x80 load address 0x00004588
                0x1fff9128                . = _end
                0x1fff91a8                . = (. + 0x80)
 *fill*         0x1fff9128       0x80 
                0x1fff91a8                __cy_heap_limit = .

.stack          0x20007800      0x800
                0x20007800                __cy_stack_limit = .
                0x20008000                . = (. + 0x800)
 *fill*         0x20007800      0x800 
                0x00000001                ASSERT ((__cy_stack_limit >= __cy_heap_limit), region RAM overflowed with stack)
                0x00000000                cy_checksum_exclude_size = (CY_APPL_LOADABLE == 0x1)?SIZEOF (.cy_checksum_exclude):0x0
                0x00000001                ASSERT ((cy_checksum_exclude_size <= CY_CHECKSUM_EXCLUDE_SIZE), CY_BOOT: Section .cy_checksum_exclude size exceedes specified limit.)

.cyloadermeta
 *(.cyloadermeta)

.cyloadablemeta
 *(.cyloadablemeta)

.cyconfigecc    0x80000000      0x43c
 *(.cyconfigecc)
 .cyconfigecc   0x80000000      0x43c .\CortexM3\ARM_GCC_541\Debug\cymetadata.o
                0x80000000                cy_meta_configecc

.cycustnvl      0x90000000        0x4
 *(.cycustnvl)
 .cycustnvl     0x90000000        0x4 .\CortexM3\ARM_GCC_541\Debug\cymetadata.o
                0x90000000                cy_meta_custnvl

.cywolatch      0x90100000        0x4
 *(.cywolatch)
 .cywolatch     0x90100000        0x4 .\CortexM3\ARM_GCC_541\Debug\cymetadata.o
                0x90100000                cy_meta_wonvl

.cyeeprom       0x90200000        0x0
 *(.cyeeprom)
                0x00000001                ASSERT ((. <= ((0x90200000 + ee_offset) + ee_size)), .cyeeprom data will not fit in EEPROM)

.cyflashprotect
                0x90400000      0x100
 *(.cyflashprotect)
 .cyflashprotect
                0x90400000      0x100 .\CortexM3\ARM_GCC_541\Debug\cymetadata.o
                0x90400000                cy_meta_flashprotect

.cymeta         0x90500000        0xc
 *(.cymeta)
 .cymeta        0x90500000        0xc .\CortexM3\ARM_GCC_541\Debug\cymetadata.o
                0x90500000                cy_metadata

.rel.dyn        0x00004588        0x0 load address 0x9050000c
 .rel.iplt      0x00004588        0x0 c:/program files (x86)/cypress/psoc creator/4.2/psoc creator/import/gnu/arm/5.4.1/bin/../lib/gcc/arm-none-eabi/5.4.1/armv7-m/crtbegin.o

.stab
 *(.stab)

.stabstr
 *(.stabstr)

.debug
 *(.debug)

.line
 *(.line)

.debug_srcinfo
 *(.debug_srcinfo)

.debug_sfnames
 *(.debug_sfnames)

.debug_aranges  0x00000000      0x9f8
 *(.debug_aranges)
 .debug_aranges
                0x00000000       0x28 .\CortexM3\ARM_GCC_541\Debug\main.o
 .debug_aranges
                0x00000028       0x58 .\CortexM3\ARM_GCC_541\Debug\cyfitter_cfg.o
 .debug_aranges
                0x00000080       0x18 .\CortexM3\ARM_GCC_541\Debug\cymetadata.o
 .debug_aranges
                0x00000098       0x48 .\CortexM3\ARM_GCC_541\Debug\Cm3Start.o
 .debug_aranges
                0x000000e0       0x80 .\CortexM3\ARM_GCC_541\Debug\Practica4.2.a(UART_isr.o)
 .debug_aranges
                0x00000160       0x98 .\CortexM3\ARM_GCC_541\Debug\Practica4.2.a(Pantalla.o)
 .debug_aranges
                0x000001f8       0x50 .\CortexM3\ARM_GCC_541\Debug\Practica4.2.a(generadorOnda.o)
 .debug_aranges
                0x00000248       0x70 .\CortexM3\ARM_GCC_541\Debug\Practica4.2.a(Clock_1.o)
 .debug_aranges
                0x000002b8       0x28 .\CortexM3\ARM_GCC_541\Debug\Practica4.2.a(generadorOnda_Wave1_DMA_dma.o)
 .debug_aranges
                0x000002e0       0x28 .\CortexM3\ARM_GCC_541\Debug\Practica4.2.a(generadorOnda_Wave2_DMA_dma.o)
 .debug_aranges
                0x00000308       0x58 .\CortexM3\ARM_GCC_541\Debug\Practica4.2.a(generadorOnda_VDAC8.o)
 .debug_aranges
                0x00000360       0xd8 .\CortexM3\ARM_GCC_541\Debug\Practica4.2.a(CyDmac.o)
 .debug_aranges
                0x00000438      0x2a0 .\CortexM3\ARM_GCC_541\Debug\Practica4.2.a(CyLib.o)
 .debug_aranges
                0x000006d8       0x98 .\CortexM3\ARM_GCC_541\Debug\Practica4.2.a(cyPm.o)
 .debug_aranges
                0x00000770       0xf0 .\CortexM3\ARM_GCC_541\Debug\Practica4.2.a(UART.o)
 .debug_aranges
                0x00000860       0x70 .\CortexM3\ARM_GCC_541\Debug\Practica4.2.a(UART_IntClock.o)
 .debug_aranges
                0x000008d0       0x20 .\CortexM3\ARM_GCC_541\Debug\Practica4.2.a(CyBootAsmGnu.o)
 .debug_aranges
                0x000008f0       0x88 .\CortexM3\ARM_GCC_541\Debug\Practica4.2.a(CyFlash.o)
 .debug_aranges
                0x00000978       0x80 .\CortexM3\ARM_GCC_541\Debug\Practica4.2.a(CySpc.o)

.debug_pubnames
 *(.debug_pubnames)

.debug_info     0x00000000     0x6293
 *(.debug_info .gnu.linkonce.wi.*)
 .debug_info    0x00000000      0x55d .\CortexM3\ARM_GCC_541\Debug\main.o
 .debug_info    0x0000055d      0x5f1 .\CortexM3\ARM_GCC_541\Debug\cyfitter_cfg.o
 .debug_info    0x00000b4e      0x135 .\CortexM3\ARM_GCC_541\Debug\cymetadata.o
 .debug_info    0x00000c83      0x3cf .\CortexM3\ARM_GCC_541\Debug\Cm3Start.o
 .debug_info    0x00001052      0x2d2 .\CortexM3\ARM_GCC_541\Debug\Practica4.2.a(UART_isr.o)
 .debug_info    0x00001324      0x715 .\CortexM3\ARM_GCC_541\Debug\Practica4.2.a(Pantalla.o)
 .debug_info    0x00001a39      0x4ed .\CortexM3\ARM_GCC_541\Debug\Practica4.2.a(generadorOnda.o)
 .debug_info    0x00001f26      0x283 .\CortexM3\ARM_GCC_541\Debug\Practica4.2.a(Clock_1.o)
 .debug_info    0x000021a9      0x1aa .\CortexM3\ARM_GCC_541\Debug\Practica4.2.a(generadorOnda_Wave1_DMA_dma.o)
 .debug_info    0x00002353      0x1a7 .\CortexM3\ARM_GCC_541\Debug\Practica4.2.a(generadorOnda_Wave2_DMA_dma.o)
 .debug_info    0x000024fa      0x1de .\CortexM3\ARM_GCC_541\Debug\Practica4.2.a(generadorOnda_VDAC8.o)
 .debug_info    0x000026d8      0x94e .\CortexM3\ARM_GCC_541\Debug\Practica4.2.a(CyDmac.o)
 .debug_info    0x00003026     0x1374 .\CortexM3\ARM_GCC_541\Debug\Practica4.2.a(CyLib.o)
 .debug_info    0x0000439a      0xa2a .\CortexM3\ARM_GCC_541\Debug\Practica4.2.a(cyPm.o)
 .debug_info    0x00004dc4      0x60c .\CortexM3\ARM_GCC_541\Debug\Practica4.2.a(UART.o)
 .debug_info    0x000053d0      0x283 .\CortexM3\ARM_GCC_541\Debug\Practica4.2.a(UART_IntClock.o)
 .debug_info    0x00005653       0xa3 .\CortexM3\ARM_GCC_541\Debug\Practica4.2.a(CyBootAsmGnu.o)
 .debug_info    0x000056f6      0x64d .\CortexM3\ARM_GCC_541\Debug\Practica4.2.a(CyFlash.o)
 .debug_info    0x00005d43      0x550 .\CortexM3\ARM_GCC_541\Debug\Practica4.2.a(CySpc.o)

.debug_abbrev   0x00000000     0x18da
 *(.debug_abbrev)
 .debug_abbrev  0x00000000      0x129 .\CortexM3\ARM_GCC_541\Debug\main.o
 .debug_abbrev  0x00000129      0x20d .\CortexM3\ARM_GCC_541\Debug\cyfitter_cfg.o
 .debug_abbrev  0x00000336       0x66 .\CortexM3\ARM_GCC_541\Debug\cymetadata.o
 .debug_abbrev  0x0000039c      0x1e8 .\CortexM3\ARM_GCC_541\Debug\Cm3Start.o
 .debug_abbrev  0x00000584      0x173 .\CortexM3\ARM_GCC_541\Debug\Practica4.2.a(UART_isr.o)
 .debug_abbrev  0x000006f7      0x157 .\CortexM3\ARM_GCC_541\Debug\Practica4.2.a(Pantalla.o)
 .debug_abbrev  0x0000084e      0x114 .\CortexM3\ARM_GCC_541\Debug\Practica4.2.a(generadorOnda.o)
 .debug_abbrev  0x00000962      0x139 .\CortexM3\ARM_GCC_541\Debug\Practica4.2.a(Clock_1.o)
 .debug_abbrev  0x00000a9b       0xcd .\CortexM3\ARM_GCC_541\Debug\Practica4.2.a(generadorOnda_Wave1_DMA_dma.o)
 .debug_abbrev  0x00000b68       0xcd .\CortexM3\ARM_GCC_541\Debug\Practica4.2.a(generadorOnda_Wave2_DMA_dma.o)
 .debug_abbrev  0x00000c35       0xf7 .\CortexM3\ARM_GCC_541\Debug\Practica4.2.a(generadorOnda_VDAC8.o)
 .debug_abbrev  0x00000d2c      0x1b2 .\CortexM3\ARM_GCC_541\Debug\Practica4.2.a(CyDmac.o)
 .debug_abbrev  0x00000ede      0x254 .\CortexM3\ARM_GCC_541\Debug\Practica4.2.a(CyLib.o)
 .debug_abbrev  0x00001132      0x1ab .\CortexM3\ARM_GCC_541\Debug\Practica4.2.a(cyPm.o)
 .debug_abbrev  0x000012dd      0x175 .\CortexM3\ARM_GCC_541\Debug\Practica4.2.a(UART.o)
 .debug_abbrev  0x00001452      0x139 .\CortexM3\ARM_GCC_541\Debug\Practica4.2.a(UART_IntClock.o)
 .debug_abbrev  0x0000158b       0x14 .\CortexM3\ARM_GCC_541\Debug\Practica4.2.a(CyBootAsmGnu.o)
 .debug_abbrev  0x0000159f      0x1a7 .\CortexM3\ARM_GCC_541\Debug\Practica4.2.a(CyFlash.o)
 .debug_abbrev  0x00001746      0x194 .\CortexM3\ARM_GCC_541\Debug\Practica4.2.a(CySpc.o)

.debug_line     0x00000000     0x27b8
 *(.debug_line)
 .debug_line    0x00000000      0x2c8 .\CortexM3\ARM_GCC_541\Debug\main.o
 .debug_line    0x000002c8      0x1fb .\CortexM3\ARM_GCC_541\Debug\cyfitter_cfg.o
 .debug_line    0x000004c3      0x141 .\CortexM3\ARM_GCC_541\Debug\cymetadata.o
 .debug_line    0x00000604      0x241 .\CortexM3\ARM_GCC_541\Debug\Cm3Start.o
 .debug_line    0x00000845      0x135 .\CortexM3\ARM_GCC_541\Debug\Practica4.2.a(UART_isr.o)
 .debug_line    0x0000097a      0x1e5 .\CortexM3\ARM_GCC_541\Debug\Practica4.2.a(Pantalla.o)
 .debug_line    0x00000b5f      0x153 .\CortexM3\ARM_GCC_541\Debug\Practica4.2.a(generadorOnda.o)
 .debug_line    0x00000cb2      0x176 .\CortexM3\ARM_GCC_541\Debug\Practica4.2.a(Clock_1.o)
 .debug_line    0x00000e28       0x94 .\CortexM3\ARM_GCC_541\Debug\Practica4.2.a(generadorOnda_Wave1_DMA_dma.o)
 .debug_line    0x00000ebc       0x94 .\CortexM3\ARM_GCC_541\Debug\Practica4.2.a(generadorOnda_Wave2_DMA_dma.o)
 .debug_line    0x00000f50       0xef .\CortexM3\ARM_GCC_541\Debug\Practica4.2.a(generadorOnda_VDAC8.o)
 .debug_line    0x0000103f      0x2e4 .\CortexM3\ARM_GCC_541\Debug\Practica4.2.a(CyDmac.o)
 .debug_line    0x00001323      0x816 .\CortexM3\ARM_GCC_541\Debug\Practica4.2.a(CyLib.o)
 .debug_line    0x00001b39      0x367 .\CortexM3\ARM_GCC_541\Debug\Practica4.2.a(cyPm.o)
 .debug_line    0x00001ea0      0x2bc .\CortexM3\ARM_GCC_541\Debug\Practica4.2.a(UART.o)
 .debug_line    0x0000215c      0x17c .\CortexM3\ARM_GCC_541\Debug\Practica4.2.a(UART_IntClock.o)
 .debug_line    0x000022d8       0x66 .\CortexM3\ARM_GCC_541\Debug\Practica4.2.a(CyBootAsmGnu.o)
 .debug_line    0x0000233e      0x21a .\CortexM3\ARM_GCC_541\Debug\Practica4.2.a(CyFlash.o)
 .debug_line    0x00002558      0x260 .\CortexM3\ARM_GCC_541\Debug\Practica4.2.a(CySpc.o)

.debug_frame    0x00000000     0x2200
 *(.debug_frame)
 .debug_frame   0x00000000       0x48 .\CortexM3\ARM_GCC_541\Debug\main.o
 .debug_frame   0x00000048       0xe4 .\CortexM3\ARM_GCC_541\Debug\cyfitter_cfg.o
 .debug_frame   0x0000012c       0xb8 .\CortexM3\ARM_GCC_541\Debug\Cm3Start.o
 .debug_frame   0x000001e4      0x104 .\CortexM3\ARM_GCC_541\Debug\Practica4.2.a(UART_isr.o)
 .debug_frame   0x000002e8      0x1e8 .\CortexM3\ARM_GCC_541\Debug\Practica4.2.a(Pantalla.o)
 .debug_frame   0x000004d0       0xe0 .\CortexM3\ARM_GCC_541\Debug\Practica4.2.a(generadorOnda.o)
 .debug_frame   0x000005b0       0xe0 .\CortexM3\ARM_GCC_541\Debug\Practica4.2.a(Clock_1.o)
 .debug_frame   0x00000690       0x54 .\CortexM3\ARM_GCC_541\Debug\Practica4.2.a(generadorOnda_Wave1_DMA_dma.o)
 .debug_frame   0x000006e4       0x54 .\CortexM3\ARM_GCC_541\Debug\Practica4.2.a(generadorOnda_Wave2_DMA_dma.o)
 .debug_frame   0x00000738       0xb4 .\CortexM3\ARM_GCC_541\Debug\Practica4.2.a(generadorOnda_VDAC8.o)
 .debug_frame   0x000007ec      0x1f8 .\CortexM3\ARM_GCC_541\Debug\Practica4.2.a(CyDmac.o)
 .debug_frame   0x000009e4      0x738 .\CortexM3\ARM_GCC_541\Debug\Practica4.2.a(CyLib.o)
 .debug_frame   0x0000111c      0x1f8 .\CortexM3\ARM_GCC_541\Debug\Practica4.2.a(cyPm.o)
 .debug_frame   0x00001314      0x250 .\CortexM3\ARM_GCC_541\Debug\Practica4.2.a(UART.o)
 .debug_frame   0x00001564       0xe0 .\CortexM3\ARM_GCC_541\Debug\Practica4.2.a(UART_IntClock.o)
 .debug_frame   0x00001644      0x194 .\CortexM3\ARM_GCC_541\Debug\Practica4.2.a(CyFlash.o)
 .debug_frame   0x000017d8      0x180 .\CortexM3\ARM_GCC_541\Debug\Practica4.2.a(CySpc.o)
 .debug_frame   0x00001958       0x38 c:/program files (x86)/cypress/psoc creator/4.2/psoc creator/import/gnu/arm/5.4.1/bin/../lib/gcc/arm-none-eabi/5.4.1/../../../../arm-none-eabi/lib/armv7-m\libm.a(lib_a-s_sin.o)
 .debug_frame   0x00001990       0x48 c:/program files (x86)/cypress/psoc creator/4.2/psoc creator/import/gnu/arm/5.4.1/bin/../lib/gcc/arm-none-eabi/5.4.1/../../../../arm-none-eabi/lib/armv7-m\libm.a(lib_a-e_rem_pio2.o)
 .debug_frame   0x000019d8       0x4c c:/program files (x86)/cypress/psoc creator/4.2/psoc creator/import/gnu/arm/5.4.1/bin/../lib/gcc/arm-none-eabi/5.4.1/../../../../arm-none-eabi/lib/armv7-m\libm.a(lib_a-k_cos.o)
 .debug_frame   0x00001a24       0x50 c:/program files (x86)/cypress/psoc creator/4.2/psoc creator/import/gnu/arm/5.4.1/bin/../lib/gcc/arm-none-eabi/5.4.1/../../../../arm-none-eabi/lib/armv7-m\libm.a(lib_a-k_rem_pio2.o)
 .debug_frame   0x00001a74       0x48 c:/program files (x86)/cypress/psoc creator/4.2/psoc creator/import/gnu/arm/5.4.1/bin/../lib/gcc/arm-none-eabi/5.4.1/../../../../arm-none-eabi/lib/armv7-m\libm.a(lib_a-k_sin.o)
 .debug_frame   0x00001abc       0x20 c:/program files (x86)/cypress/psoc creator/4.2/psoc creator/import/gnu/arm/5.4.1/bin/../lib/gcc/arm-none-eabi/5.4.1/../../../../arm-none-eabi/lib/armv7-m\libm.a(lib_a-s_fabs.o)
 .debug_frame   0x00001adc       0x34 c:/program files (x86)/cypress/psoc creator/4.2/psoc creator/import/gnu/arm/5.4.1/bin/../lib/gcc/arm-none-eabi/5.4.1/../../../../arm-none-eabi/lib/armv7-m\libm.a(lib_a-s_floor.o)
 .debug_frame   0x00001b10       0x30 c:/program files (x86)/cypress/psoc creator/4.2/psoc creator/import/gnu/arm/5.4.1/bin/../lib/gcc/arm-none-eabi/5.4.1/../../../../arm-none-eabi/lib/armv7-m\libm.a(lib_a-s_scalbn.o)
 .debug_frame   0x00001b40       0x20 c:/program files (x86)/cypress/psoc creator/4.2/psoc creator/import/gnu/arm/5.4.1/bin/../lib/gcc/arm-none-eabi/5.4.1/../../../../arm-none-eabi/lib/armv7-m\libm.a(lib_a-s_copysign.o)
 .debug_frame   0x00001b60       0x20 c:/program files (x86)/cypress/psoc creator/4.2/psoc creator/import/gnu/arm/5.4.1/bin/../lib/gcc/arm-none-eabi/5.4.1/../../../../arm-none-eabi/lib/armv7-m\libg_nano.a(lib_a-errno.o)
 .debug_frame   0x00001b80       0x28 c:/program files (x86)/cypress/psoc creator/4.2/psoc creator/import/gnu/arm/5.4.1/bin/../lib/gcc/arm-none-eabi/5.4.1/../../../../arm-none-eabi/lib/armv7-m\libg_nano.a(lib_a-exit.o)
 .debug_frame   0x00001ba8       0x2c c:/program files (x86)/cypress/psoc creator/4.2/psoc creator/import/gnu/arm/5.4.1/bin/../lib/gcc/arm-none-eabi/5.4.1/../../../../arm-none-eabi/lib/armv7-m\libg_nano.a(lib_a-init.o)
 .debug_frame   0x00001bd4       0x28 c:/program files (x86)/cypress/psoc creator/4.2/psoc creator/import/gnu/arm/5.4.1/bin/../lib/gcc/arm-none-eabi/5.4.1/../../../../arm-none-eabi/lib/armv7-m\libg_nano.a(lib_a-memcpy-stub.o)
 .debug_frame   0x00001bfc       0x20 c:/program files (x86)/cypress/psoc creator/4.2/psoc creator/import/gnu/arm/5.4.1/bin/../lib/gcc/arm-none-eabi/5.4.1/../../../../arm-none-eabi/lib/armv7-m\libg_nano.a(lib_a-memset.o)
 .debug_frame   0x00001c1c       0x8c c:/program files (x86)/cypress/psoc creator/4.2/psoc creator/import/gnu/arm/5.4.1/bin/../lib/gcc/arm-none-eabi/5.4.1/../../../../arm-none-eabi/lib/armv7-m\libg_nano.a(lib_a-nano-vfprintf_float.o)
 .debug_frame   0x00001ca8       0x60 c:/program files (x86)/cypress/psoc creator/4.2/psoc creator/import/gnu/arm/5.4.1/bin/../lib/gcc/arm-none-eabi/5.4.1/../../../../arm-none-eabi/lib/armv7-m\libg_nano.a(lib_a-nano-vfprintf_i.o)
 .debug_frame   0x00001d08       0x6c c:/program files (x86)/cypress/psoc creator/4.2/psoc creator/import/gnu/arm/5.4.1/bin/../lib/gcc/arm-none-eabi/5.4.1/../../../../arm-none-eabi/lib/armv7-m\libg_nano.a(lib_a-dtoa.o)
 .debug_frame   0x00001d74       0x98 c:/program files (x86)/cypress/psoc creator/4.2/psoc creator/import/gnu/arm/5.4.1/bin/../lib/gcc/arm-none-eabi/5.4.1/../../../../arm-none-eabi/lib/armv7-m\libg_nano.a(lib_a-locale.o)
 .debug_frame   0x00001e0c       0x30 c:/program files (x86)/cypress/psoc creator/4.2/psoc creator/import/gnu/arm/5.4.1/bin/../lib/gcc/arm-none-eabi/5.4.1/../../../../arm-none-eabi/lib/armv7-m\libg_nano.a(lib_a-malloc.o)
 .debug_frame   0x00001e3c       0x28 c:/program files (x86)/cypress/psoc creator/4.2/psoc creator/import/gnu/arm/5.4.1/bin/../lib/gcc/arm-none-eabi/5.4.1/../../../../arm-none-eabi/lib/armv7-m\libg_nano.a(lib_a-memchr-stub.o)
 .debug_frame   0x00001e64      0x234 c:/program files (x86)/cypress/psoc creator/4.2/psoc creator/import/gnu/arm/5.4.1/bin/../lib/gcc/arm-none-eabi/5.4.1/../../../../arm-none-eabi/lib/armv7-m\libg_nano.a(lib_a-mprec.o)
 .debug_frame   0x00002098       0x2c c:/program files (x86)/cypress/psoc creator/4.2/psoc creator/import/gnu/arm/5.4.1/bin/../lib/gcc/arm-none-eabi/5.4.1/../../../../arm-none-eabi/lib/armv7-m\libg_nano.a(lib_a-nano-callocr.o)
 .debug_frame   0x000020c4       0x38 c:/program files (x86)/cypress/psoc creator/4.2/psoc creator/import/gnu/arm/5.4.1/bin/../lib/gcc/arm-none-eabi/5.4.1/../../../../arm-none-eabi/lib/armv7-m\libg_nano.a(lib_a-nano-freer.o)
 .debug_frame   0x000020fc       0x2c c:/program files (x86)/cypress/psoc creator/4.2/psoc creator/import/gnu/arm/5.4.1/bin/../lib/gcc/arm-none-eabi/5.4.1/../../../../arm-none-eabi/lib/armv7-m\libg_nano.a(lib_a-nano-mallocr.o)
 .debug_frame   0x00002128       0x2c c:/program files (x86)/cypress/psoc creator/4.2/psoc creator/import/gnu/arm/5.4.1/bin/../lib/gcc/arm-none-eabi/5.4.1/../../../../arm-none-eabi/lib/armv7-m\libg_nano.a(lib_a-sbrkr.o)
 .debug_frame   0x00002154       0x20 c:/program files (x86)/cypress/psoc creator/4.2/psoc creator/import/gnu/arm/5.4.1/bin/../lib/gcc/arm-none-eabi/5.4.1/../../../../arm-none-eabi/lib/armv7-m\libg_nano.a(lib_a-strcmp.o)
 .debug_frame   0x00002174       0x30 c:/program files (x86)/cypress/psoc creator/4.2/psoc creator/import/gnu/arm/5.4.1/bin/../lib/gcc/arm-none-eabi/5.4.1/../../../../arm-none-eabi/lib/armv7-m\libg_nano.a(lib_a-mlock.o)
 .debug_frame   0x000021a4       0x5c c:/program files (x86)/cypress/psoc creator/4.2/psoc creator/import/gnu/arm/5.4.1/bin/../lib/gcc/arm-none-eabi/5.4.1/../../../../arm-none-eabi/lib/armv7-m\libg_nano.a(lib_a-reent.o)

.debug_str      0x00000000     0x22cf
 *(.debug_str)
 .debug_str     0x00000000      0x2b1 .\CortexM3\ARM_GCC_541\Debug\main.o
                                0x2fe (size before relaxing)
 .debug_str     0x000002b1      0x1aa .\CortexM3\ARM_GCC_541\Debug\cyfitter_cfg.o
                                0x357 (size before relaxing)
 .debug_str     0x0000045b       0x7f .\CortexM3\ARM_GCC_541\Debug\cymetadata.o
                                0x1f7 (size before relaxing)
 .debug_str     0x000004da      0x154 .\CortexM3\ARM_GCC_541\Debug\Cm3Start.o
                                0x32d (size before relaxing)
 .debug_str     0x0000062e      0x117 .\CortexM3\ARM_GCC_541\Debug\Practica4.2.a(UART_isr.o)
                                0x2e3 (size before relaxing)
 .debug_str     0x00000745      0x199 .\CortexM3\ARM_GCC_541\Debug\Practica4.2.a(Pantalla.o)
                                0x3a2 (size before relaxing)
 .debug_str     0x000008de      0x2b0 .\CortexM3\ARM_GCC_541\Debug\Practica4.2.a(generadorOnda.o)
                                0x492 (size before relaxing)
 .debug_str     0x00000b8e      0x132 .\CortexM3\ARM_GCC_541\Debug\Practica4.2.a(Clock_1.o)
                                0x301 (size before relaxing)
 .debug_str     0x00000cc0       0xf7 .\CortexM3\ARM_GCC_541\Debug\Practica4.2.a(generadorOnda_Wave1_DMA_dma.o)
                                0x2c7 (size before relaxing)
 .debug_str     0x00000db7       0x7a .\CortexM3\ARM_GCC_541\Debug\Practica4.2.a(generadorOnda_Wave2_DMA_dma.o)
                                0x2c7 (size before relaxing)
 .debug_str     0x00000e31       0x90 .\CortexM3\ARM_GCC_541\Debug\Practica4.2.a(generadorOnda_VDAC8.o)
                                0x2be (size before relaxing)
 .debug_str     0x00000ec1      0x2d6 .\CortexM3\ARM_GCC_541\Debug\Practica4.2.a(CyDmac.o)
                                0x55d (size before relaxing)
 .debug_str     0x00001197      0x7c4 .\CortexM3\ARM_GCC_541\Debug\Practica4.2.a(CyLib.o)
                                0xa5a (size before relaxing)
 .debug_str     0x0000195b      0x365 .\CortexM3\ARM_GCC_541\Debug\Practica4.2.a(cyPm.o)
                                0x746 (size before relaxing)
 .debug_str     0x00001cc0      0x270 .\CortexM3\ARM_GCC_541\Debug\Practica4.2.a(UART.o)
                                0x488 (size before relaxing)
 .debug_str     0x00001f30      0x138 .\CortexM3\ARM_GCC_541\Debug\Practica4.2.a(UART_IntClock.o)
                                0x349 (size before relaxing)
 .debug_str     0x00002068      0x1bb .\CortexM3\ARM_GCC_541\Debug\Practica4.2.a(CyFlash.o)
                                0x3d3 (size before relaxing)
 .debug_str     0x00002223       0xac .\CortexM3\ARM_GCC_541\Debug\Practica4.2.a(CySpc.o)
                                0x34b (size before relaxing)

.debug_loc      0x00000000     0x31c7
 *(.debug_loc)
 .debug_loc     0x00000000       0x8c .\CortexM3\ARM_GCC_541\Debug\main.o
 .debug_loc     0x0000008c      0x259 .\CortexM3\ARM_GCC_541\Debug\cyfitter_cfg.o
 .debug_loc     0x000002e5      0x144 .\CortexM3\ARM_GCC_541\Debug\Cm3Start.o
 .debug_loc     0x00000429       0x56 .\CortexM3\ARM_GCC_541\Debug\Practica4.2.a(UART_isr.o)
 .debug_loc     0x0000047f      0x3c6 .\CortexM3\ARM_GCC_541\Debug\Practica4.2.a(Pantalla.o)
 .debug_loc     0x00000845      0x11b .\CortexM3\ARM_GCC_541\Debug\Practica4.2.a(generadorOnda.o)
 .debug_loc     0x00000960      0x12c .\CortexM3\ARM_GCC_541\Debug\Practica4.2.a(Clock_1.o)
 .debug_loc     0x00000a8c       0x84 .\CortexM3\ARM_GCC_541\Debug\Practica4.2.a(generadorOnda_Wave1_DMA_dma.o)
 .debug_loc     0x00000b10       0x84 .\CortexM3\ARM_GCC_541\Debug\Practica4.2.a(generadorOnda_Wave2_DMA_dma.o)
 .debug_loc     0x00000b94       0x79 .\CortexM3\ARM_GCC_541\Debug\Practica4.2.a(generadorOnda_VDAC8.o)
 .debug_loc     0x00000c0d      0xb8e .\CortexM3\ARM_GCC_541\Debug\Practica4.2.a(CyDmac.o)
 .debug_loc     0x0000179b      0xa11 .\CortexM3\ARM_GCC_541\Debug\Practica4.2.a(CyLib.o)
 .debug_loc     0x000021ac      0x1e4 .\CortexM3\ARM_GCC_541\Debug\Practica4.2.a(cyPm.o)
 .debug_loc     0x00002390      0x258 .\CortexM3\ARM_GCC_541\Debug\Practica4.2.a(UART.o)
 .debug_loc     0x000025e8      0x128 .\CortexM3\ARM_GCC_541\Debug\Practica4.2.a(UART_IntClock.o)
 .debug_loc     0x00002710      0x3b2 .\CortexM3\ARM_GCC_541\Debug\Practica4.2.a(CyFlash.o)
 .debug_loc     0x00002ac2      0x705 .\CortexM3\ARM_GCC_541\Debug\Practica4.2.a(CySpc.o)

.debug_macinfo
 *(.debug_macinfo)

.debug_ranges   0x00000000      0x8b0
 *(.debug_ranges)
 .debug_ranges  0x00000000       0x18 .\CortexM3\ARM_GCC_541\Debug\main.o
 .debug_ranges  0x00000018       0x48 .\CortexM3\ARM_GCC_541\Debug\cyfitter_cfg.o
 .debug_ranges  0x00000060       0x38 .\CortexM3\ARM_GCC_541\Debug\Cm3Start.o
 .debug_ranges  0x00000098       0x70 .\CortexM3\ARM_GCC_541\Debug\Practica4.2.a(UART_isr.o)
 .debug_ranges  0x00000108       0x88 .\CortexM3\ARM_GCC_541\Debug\Practica4.2.a(Pantalla.o)
 .debug_ranges  0x00000190       0x40 .\CortexM3\ARM_GCC_541\Debug\Practica4.2.a(generadorOnda.o)
 .debug_ranges  0x000001d0       0x60 .\CortexM3\ARM_GCC_541\Debug\Practica4.2.a(Clock_1.o)
 .debug_ranges  0x00000230       0x18 .\CortexM3\ARM_GCC_541\Debug\Practica4.2.a(generadorOnda_Wave1_DMA_dma.o)
 .debug_ranges  0x00000248       0x18 .\CortexM3\ARM_GCC_541\Debug\Practica4.2.a(generadorOnda_Wave2_DMA_dma.o)
 .debug_ranges  0x00000260       0x48 .\CortexM3\ARM_GCC_541\Debug\Practica4.2.a(generadorOnda_VDAC8.o)
 .debug_ranges  0x000002a8       0xc8 .\CortexM3\ARM_GCC_541\Debug\Practica4.2.a(CyDmac.o)
 .debug_ranges  0x00000370      0x290 .\CortexM3\ARM_GCC_541\Debug\Practica4.2.a(CyLib.o)
 .debug_ranges  0x00000600       0x88 .\CortexM3\ARM_GCC_541\Debug\Practica4.2.a(cyPm.o)
 .debug_ranges  0x00000688       0xe0 .\CortexM3\ARM_GCC_541\Debug\Practica4.2.a(UART.o)
 .debug_ranges  0x00000768       0x60 .\CortexM3\ARM_GCC_541\Debug\Practica4.2.a(UART_IntClock.o)
 .debug_ranges  0x000007c8       0x78 .\CortexM3\ARM_GCC_541\Debug\Practica4.2.a(CyFlash.o)
 .debug_ranges  0x00000840       0x70 .\CortexM3\ARM_GCC_541\Debug\Practica4.2.a(CySpc.o)

.comment        0x00000000       0x6e
 .comment       0x00000000       0x6e .\CortexM3\ARM_GCC_541\Debug\main.o
                                 0x6f (size before relaxing)
 .comment       0x0000006e       0x6f .\CortexM3\ARM_GCC_541\Debug\cyfitter_cfg.o
 .comment       0x0000006e       0x6f .\CortexM3\ARM_GCC_541\Debug\cymetadata.o
 .comment       0x0000006e       0x6f .\CortexM3\ARM_GCC_541\Debug\Cm3Start.o
 .comment       0x0000006e       0x6f .\CortexM3\ARM_GCC_541\Debug\Practica4.2.a(UART_isr.o)
 .comment       0x0000006e       0x6f .\CortexM3\ARM_GCC_541\Debug\Practica4.2.a(Pantalla.o)
 .comment       0x0000006e       0x6f .\CortexM3\ARM_GCC_541\Debug\Practica4.2.a(generadorOnda.o)
 .comment       0x0000006e       0x6f .\CortexM3\ARM_GCC_541\Debug\Practica4.2.a(Clock_1.o)
 .comment       0x0000006e       0x6f .\CortexM3\ARM_GCC_541\Debug\Practica4.2.a(generadorOnda_Wave1_DMA_dma.o)
 .comment       0x0000006e       0x6f .\CortexM3\ARM_GCC_541\Debug\Practica4.2.a(generadorOnda_Wave2_DMA_dma.o)
 .comment       0x0000006e       0x6f .\CortexM3\ARM_GCC_541\Debug\Practica4.2.a(generadorOnda_VDAC8.o)
 .comment       0x0000006e       0x6f .\CortexM3\ARM_GCC_541\Debug\Practica4.2.a(CyDmac.o)
 .comment       0x0000006e       0x6f .\CortexM3\ARM_GCC_541\Debug\Practica4.2.a(CyLib.o)
 .comment       0x0000006e       0x6f .\CortexM3\ARM_GCC_541\Debug\Practica4.2.a(cyPm.o)
 .comment       0x0000006e       0x6f .\CortexM3\ARM_GCC_541\Debug\Practica4.2.a(UART.o)
 .comment       0x0000006e       0x6f .\CortexM3\ARM_GCC_541\Debug\Practica4.2.a(UART_IntClock.o)
 .comment       0x0000006e       0x6f .\CortexM3\ARM_GCC_541\Debug\Practica4.2.a(CyFlash.o)
 .comment       0x0000006e       0x6f .\CortexM3\ARM_GCC_541\Debug\Practica4.2.a(CySpc.o)

.debug_weaknames
 *(.debug_weaknames)

.debug_funcnames
 *(.debug_funcnames)

.debug_typenames
 *(.debug_typenames)

.debug_varnames
 *(.debug_varnames)

.note.gnu.arm.ident
 *(.note.gnu.arm.ident)

.ARM.attributes
                0x00000000       0x29
 *(.ARM.attributes)
 .ARM.attributes
                0x00000000       0x1d c:/program files (x86)/cypress/psoc creator/4.2/psoc creator/import/gnu/arm/5.4.1/bin/../lib/gcc/arm-none-eabi/5.4.1/armv7-m/crti.o
 .ARM.attributes
                0x0000001d       0x2d c:/program files (x86)/cypress/psoc creator/4.2/psoc creator/import/gnu/arm/5.4.1/bin/../lib/gcc/arm-none-eabi/5.4.1/armv7-m/crtbegin.o
 .ARM.attributes
                0x0000004a       0x1b c:/program files (x86)/cypress/psoc creator/4.2/psoc creator/import/gnu/arm/5.4.1/bin/../lib/gcc/arm-none-eabi/5.4.1/../../../../arm-none-eabi/lib/armv7-m/crt0.o
 .ARM.attributes
                0x00000065       0x33 .\CortexM3\ARM_GCC_541\Debug\main.o
 .ARM.attributes
                0x00000098       0x33 .\CortexM3\ARM_GCC_541\Debug\cyfitter_cfg.o
 .ARM.attributes
                0x000000cb       0x33 .\CortexM3\ARM_GCC_541\Debug\cymetadata.o
 .ARM.attributes
                0x000000fe       0x33 .\CortexM3\ARM_GCC_541\Debug\Cm3Start.o
 .ARM.attributes
                0x00000131       0x33 .\CortexM3\ARM_GCC_541\Debug\Practica4.2.a(UART_isr.o)
 .ARM.attributes
                0x00000164       0x33 .\CortexM3\ARM_GCC_541\Debug\Practica4.2.a(Pantalla.o)
 .ARM.attributes
                0x00000197       0x33 .\CortexM3\ARM_GCC_541\Debug\Practica4.2.a(generadorOnda.o)
 .ARM.attributes
                0x000001ca       0x33 .\CortexM3\ARM_GCC_541\Debug\Practica4.2.a(Clock_1.o)
 .ARM.attributes
                0x000001fd       0x33 .\CortexM3\ARM_GCC_541\Debug\Practica4.2.a(generadorOnda_Wave1_DMA_dma.o)
 .ARM.attributes
                0x00000230       0x33 .\CortexM3\ARM_GCC_541\Debug\Practica4.2.a(generadorOnda_Wave2_DMA_dma.o)
 .ARM.attributes
                0x00000263       0x33 .\CortexM3\ARM_GCC_541\Debug\Practica4.2.a(generadorOnda_VDAC8.o)
 .ARM.attributes
                0x00000296       0x33 .\CortexM3\ARM_GCC_541\Debug\Practica4.2.a(CyDmac.o)
 .ARM.attributes
                0x000002c9       0x33 .\CortexM3\ARM_GCC_541\Debug\Practica4.2.a(CyLib.o)
 .ARM.attributes
                0x000002fc       0x33 .\CortexM3\ARM_GCC_541\Debug\Practica4.2.a(cyPm.o)
 .ARM.attributes
                0x0000032f       0x33 .\CortexM3\ARM_GCC_541\Debug\Practica4.2.a(UART.o)
 .ARM.attributes
                0x00000362       0x33 .\CortexM3\ARM_GCC_541\Debug\Practica4.2.a(UART_IntClock.o)
 .ARM.attributes
                0x00000395       0x21 .\CortexM3\ARM_GCC_541\Debug\Practica4.2.a(CyBootAsmGnu.o)
 .ARM.attributes
                0x000003b6       0x33 .\CortexM3\ARM_GCC_541\Debug\Practica4.2.a(CyFlash.o)
 .ARM.attributes
                0x000003e9       0x33 .\CortexM3\ARM_GCC_541\Debug\Practica4.2.a(CySpc.o)
 .ARM.attributes
                0x0000041c       0x2d c:/program files (x86)/cypress/psoc creator/4.2/psoc creator/import/gnu/arm/5.4.1/bin/../lib/gcc/arm-none-eabi/5.4.1/../../../../arm-none-eabi/lib/armv7-m\libm.a(lib_a-s_sin.o)
 .ARM.attributes
                0x00000449       0x2d c:/program files (x86)/cypress/psoc creator/4.2/psoc creator/import/gnu/arm/5.4.1/bin/../lib/gcc/arm-none-eabi/5.4.1/../../../../arm-none-eabi/lib/armv7-m\libm.a(lib_a-e_rem_pio2.o)
 .ARM.attributes
                0x00000476       0x2d c:/program files (x86)/cypress/psoc creator/4.2/psoc creator/import/gnu/arm/5.4.1/bin/../lib/gcc/arm-none-eabi/5.4.1/../../../../arm-none-eabi/lib/armv7-m\libm.a(lib_a-k_cos.o)
 .ARM.attributes
                0x000004a3       0x2d c:/program files (x86)/cypress/psoc creator/4.2/psoc creator/import/gnu/arm/5.4.1/bin/../lib/gcc/arm-none-eabi/5.4.1/../../../../arm-none-eabi/lib/armv7-m\libm.a(lib_a-k_rem_pio2.o)
 .ARM.attributes
                0x000004d0       0x2d c:/program files (x86)/cypress/psoc creator/4.2/psoc creator/import/gnu/arm/5.4.1/bin/../lib/gcc/arm-none-eabi/5.4.1/../../../../arm-none-eabi/lib/armv7-m\libm.a(lib_a-k_sin.o)
 .ARM.attributes
                0x000004fd       0x2d c:/program files (x86)/cypress/psoc creator/4.2/psoc creator/import/gnu/arm/5.4.1/bin/../lib/gcc/arm-none-eabi/5.4.1/../../../../arm-none-eabi/lib/armv7-m\libm.a(lib_a-s_fabs.o)
 .ARM.attributes
                0x0000052a       0x2d c:/program files (x86)/cypress/psoc creator/4.2/psoc creator/import/gnu/arm/5.4.1/bin/../lib/gcc/arm-none-eabi/5.4.1/../../../../arm-none-eabi/lib/armv7-m\libm.a(lib_a-s_floor.o)
 .ARM.attributes
                0x00000557       0x2d c:/program files (x86)/cypress/psoc creator/4.2/psoc creator/import/gnu/arm/5.4.1/bin/../lib/gcc/arm-none-eabi/5.4.1/../../../../arm-none-eabi/lib/armv7-m\libm.a(lib_a-s_scalbn.o)
 .ARM.attributes
                0x00000584       0x2d c:/program files (x86)/cypress/psoc creator/4.2/psoc creator/import/gnu/arm/5.4.1/bin/../lib/gcc/arm-none-eabi/5.4.1/../../../../arm-none-eabi/lib/armv7-m\libm.a(lib_a-s_copysign.o)
 .ARM.attributes
                0x000005b1       0x1d c:/program files (x86)/cypress/psoc creator/4.2/psoc creator/import/gnu/arm/5.4.1/bin/../lib/gcc/arm-none-eabi/5.4.1/armv7-m\libgcc.a(_arm_addsubdf3.o)
 .ARM.attributes
                0x000005ce       0x1d c:/program files (x86)/cypress/psoc creator/4.2/psoc creator/import/gnu/arm/5.4.1/bin/../lib/gcc/arm-none-eabi/5.4.1/armv7-m\libgcc.a(_arm_muldivdf3.o)
 .ARM.attributes
                0x000005eb       0x1d c:/program files (x86)/cypress/psoc creator/4.2/psoc creator/import/gnu/arm/5.4.1/bin/../lib/gcc/arm-none-eabi/5.4.1/armv7-m\libgcc.a(_arm_cmpdf2.o)
 .ARM.attributes
                0x00000608       0x1d c:/program files (x86)/cypress/psoc creator/4.2/psoc creator/import/gnu/arm/5.4.1/bin/../lib/gcc/arm-none-eabi/5.4.1/armv7-m\libgcc.a(_arm_fixdfsi.o)
 .ARM.attributes
                0x00000625       0x1d c:/program files (x86)/cypress/psoc creator/4.2/psoc creator/import/gnu/arm/5.4.1/bin/../lib/gcc/arm-none-eabi/5.4.1/armv7-m\libgcc.a(_arm_fixunsdfsi.o)
 .ARM.attributes
                0x00000642       0x1d c:/program files (x86)/cypress/psoc creator/4.2/psoc creator/import/gnu/arm/5.4.1/bin/../lib/gcc/arm-none-eabi/5.4.1/armv7-m\libgcc.a(_arm_addsubsf3.o)
 .ARM.attributes
                0x0000065f       0x1d c:/program files (x86)/cypress/psoc creator/4.2/psoc creator/import/gnu/arm/5.4.1/bin/../lib/gcc/arm-none-eabi/5.4.1/armv7-m\libgcc.a(_arm_muldivsf3.o)
 .ARM.attributes
                0x0000067c       0x1d c:/program files (x86)/cypress/psoc creator/4.2/psoc creator/import/gnu/arm/5.4.1/bin/../lib/gcc/arm-none-eabi/5.4.1/armv7-m\libgcc.a(_arm_fixunssfsi.o)
 .ARM.attributes
                0x00000699       0x2d c:/program files (x86)/cypress/psoc creator/4.2/psoc creator/import/gnu/arm/5.4.1/bin/../lib/gcc/arm-none-eabi/5.4.1/../../../../arm-none-eabi/lib/armv7-m\libg_nano.a(lib_a-errno.o)
 .ARM.attributes
                0x000006c6       0x2d c:/program files (x86)/cypress/psoc creator/4.2/psoc creator/import/gnu/arm/5.4.1/bin/../lib/gcc/arm-none-eabi/5.4.1/../../../../arm-none-eabi/lib/armv7-m\libg_nano.a(lib_a-exit.o)
 .ARM.attributes
                0x000006f3       0x2d c:/program files (x86)/cypress/psoc creator/4.2/psoc creator/import/gnu/arm/5.4.1/bin/../lib/gcc/arm-none-eabi/5.4.1/../../../../arm-none-eabi/lib/armv7-m\libg_nano.a(lib_a-impure.o)
 .ARM.attributes
                0x00000720       0x2d c:/program files (x86)/cypress/psoc creator/4.2/psoc creator/import/gnu/arm/5.4.1/bin/../lib/gcc/arm-none-eabi/5.4.1/../../../../arm-none-eabi/lib/armv7-m\libg_nano.a(lib_a-init.o)
 .ARM.attributes
                0x0000074d       0x2d c:/program files (x86)/cypress/psoc creator/4.2/psoc creator/import/gnu/arm/5.4.1/bin/../lib/gcc/arm-none-eabi/5.4.1/../../../../arm-none-eabi/lib/armv7-m\libg_nano.a(lib_a-memcpy-stub.o)
 .ARM.attributes
                0x0000077a       0x2d c:/program files (x86)/cypress/psoc creator/4.2/psoc creator/import/gnu/arm/5.4.1/bin/../lib/gcc/arm-none-eabi/5.4.1/../../../../arm-none-eabi/lib/armv7-m\libg_nano.a(lib_a-memset.o)
 .ARM.attributes
                0x000007a7       0x2d c:/program files (x86)/cypress/psoc creator/4.2/psoc creator/import/gnu/arm/5.4.1/bin/../lib/gcc/arm-none-eabi/5.4.1/../../../../arm-none-eabi/lib/armv7-m\libg_nano.a(lib_a-nano-vfprintf_float.o)
 .ARM.attributes
                0x000007d4       0x2d c:/program files (x86)/cypress/psoc creator/4.2/psoc creator/import/gnu/arm/5.4.1/bin/../lib/gcc/arm-none-eabi/5.4.1/../../../../arm-none-eabi/lib/armv7-m\libg_nano.a(lib_a-nano-vfprintf_i.o)
 .ARM.attributes
                0x00000801       0x17 c:/program files (x86)/cypress/psoc creator/4.2/psoc creator/import/gnu/arm/5.4.1/bin/../lib/gcc/arm-none-eabi/5.4.1/../../../../arm-none-eabi/lib/armv7-m\libg_nano.a(lib_a-strlen.o)
 .ARM.attributes
                0x00000818       0x2d c:/program files (x86)/cypress/psoc creator/4.2/psoc creator/import/gnu/arm/5.4.1/bin/../lib/gcc/arm-none-eabi/5.4.1/../../../../arm-none-eabi/lib/armv7-m\libg_nano.a(lib_a-dtoa.o)
 .ARM.attributes
                0x00000845       0x2d c:/program files (x86)/cypress/psoc creator/4.2/psoc creator/import/gnu/arm/5.4.1/bin/../lib/gcc/arm-none-eabi/5.4.1/../../../../arm-none-eabi/lib/armv7-m\libg_nano.a(lib_a-locale.o)
 .ARM.attributes
                0x00000872       0x2d c:/program files (x86)/cypress/psoc creator/4.2/psoc creator/import/gnu/arm/5.4.1/bin/../lib/gcc/arm-none-eabi/5.4.1/../../../../arm-none-eabi/lib/armv7-m\libg_nano.a(lib_a-malloc.o)
 .ARM.attributes
                0x0000089f       0x2d c:/program files (x86)/cypress/psoc creator/4.2/psoc creator/import/gnu/arm/5.4.1/bin/../lib/gcc/arm-none-eabi/5.4.1/../../../../arm-none-eabi/lib/armv7-m\libg_nano.a(lib_a-memchr-stub.o)
 .ARM.attributes
                0x000008cc       0x2d c:/program files (x86)/cypress/psoc creator/4.2/psoc creator/import/gnu/arm/5.4.1/bin/../lib/gcc/arm-none-eabi/5.4.1/../../../../arm-none-eabi/lib/armv7-m\libg_nano.a(lib_a-mprec.o)
 .ARM.attributes
                0x000008f9       0x2d c:/program files (x86)/cypress/psoc creator/4.2/psoc creator/import/gnu/arm/5.4.1/bin/../lib/gcc/arm-none-eabi/5.4.1/../../../../arm-none-eabi/lib/armv7-m\libg_nano.a(lib_a-nano-callocr.o)
 .ARM.attributes
                0x00000926       0x2d c:/program files (x86)/cypress/psoc creator/4.2/psoc creator/import/gnu/arm/5.4.1/bin/../lib/gcc/arm-none-eabi/5.4.1/../../../../arm-none-eabi/lib/armv7-m\libg_nano.a(lib_a-nano-freer.o)
 .ARM.attributes
                0x00000953       0x2d c:/program files (x86)/cypress/psoc creator/4.2/psoc creator/import/gnu/arm/5.4.1/bin/../lib/gcc/arm-none-eabi/5.4.1/../../../../arm-none-eabi/lib/armv7-m\libg_nano.a(lib_a-nano-mallocr.o)
 .ARM.attributes
                0x00000980       0x2d c:/program files (x86)/cypress/psoc creator/4.2/psoc creator/import/gnu/arm/5.4.1/bin/../lib/gcc/arm-none-eabi/5.4.1/../../../../arm-none-eabi/lib/armv7-m\libg_nano.a(lib_a-sbrkr.o)
 .ARM.attributes
                0x000009ad       0x1b c:/program files (x86)/cypress/psoc creator/4.2/psoc creator/import/gnu/arm/5.4.1/bin/../lib/gcc/arm-none-eabi/5.4.1/../../../../arm-none-eabi/lib/armv7-m\libg_nano.a(lib_a-strcmp.o)
 .ARM.attributes
                0x000009c8       0x2d c:/program files (x86)/cypress/psoc creator/4.2/psoc creator/import/gnu/arm/5.4.1/bin/../lib/gcc/arm-none-eabi/5.4.1/../../../../arm-none-eabi/lib/armv7-m\libg_nano.a(lib_a-mlock.o)
 .ARM.attributes
                0x000009f5       0x2d c:/program files (x86)/cypress/psoc creator/4.2/psoc creator/import/gnu/arm/5.4.1/bin/../lib/gcc/arm-none-eabi/5.4.1/../../../../arm-none-eabi/lib/armv7-m\libg_nano.a(lib_a-reent.o)
 .ARM.attributes
                0x00000a22       0x1d c:/program files (x86)/cypress/psoc creator/4.2/psoc creator/import/gnu/arm/5.4.1/bin/../lib/gcc/arm-none-eabi/5.4.1/armv7-m\libgcc.a(_arm_unorddf2.o)
 .ARM.attributes
                0x00000a3f       0x2d c:/program files (x86)/cypress/psoc creator/4.2/psoc creator/import/gnu/arm/5.4.1/bin/../lib/gcc/arm-none-eabi/5.4.1/armv7-m/crtend.o
 .ARM.attributes
                0x00000a6c       0x1d c:/program files (x86)/cypress/psoc creator/4.2/psoc creator/import/gnu/arm/5.4.1/bin/../lib/gcc/arm-none-eabi/5.4.1/armv7-m/crtn.o

/DISCARD/
 *(.note.GNU-stack)
OUTPUT(C:\Users\robin\Universidad\Tercero\2o_Cuat\DSE\Practicas\Practicas\Practica4.2.cydsn\CortexM3\ARM_GCC_541\Debug\Practica4.2.elf elf32-littlearm)
