Archive member included to satisfy reference by file (symbol)

.\CortexM3\ARM_GCC_541\Debug\Practica3.a(Clock_1.o)
                              .\CortexM3\ARM_GCC_541\Debug\main.o (Clock_1_SetSourceRegister)
.\CortexM3\ARM_GCC_541\Debug\Practica3.a(generadorPulsosPWM.o)
                              .\CortexM3\ARM_GCC_541\Debug\main.o (generadorPulsosPWM_Stop)
.\CortexM3\ARM_GCC_541\Debug\Practica3.a(generadorPulsosPWM_PM.o)
                              .\CortexM3\ARM_GCC_541\Debug\main.o (generadorPulsosPWM_Sleep)
.\CortexM3\ARM_GCC_541\Debug\Practica3.a(UART.o)
                              .\CortexM3\ARM_GCC_541\Debug\main.o (UART_Start)
.\CortexM3\ARM_GCC_541\Debug\Practica3.a(Pantalla.o)
                              .\CortexM3\ARM_GCC_541\Debug\main.o (Pantalla_PrintString)
.\CortexM3\ARM_GCC_541\Debug\Practica3.a(UART_isr.o)
                              .\CortexM3\ARM_GCC_541\Debug\main.o (UART_isr_StartEx)
.\CortexM3\ARM_GCC_541\Debug\Practica3.a(UART_IntClock.o)
                              .\CortexM3\ARM_GCC_541\Debug\Practica3.a(UART.o) (UART_IntClock_Start)
.\CortexM3\ARM_GCC_541\Debug\Practica3.a(CyLib.o)
                              .\CortexM3\ARM_GCC_541\Debug\Cm3Start.o (CyHalt)
.\CortexM3\ARM_GCC_541\Debug\Practica3.a(cyPm.o)
                              .\CortexM3\ARM_GCC_541\Debug\Practica3.a(CyLib.o) (CyPmReadStatus)
.\CortexM3\ARM_GCC_541\Debug\Practica3.a(CyBootAsmGnu.o)
                              .\CortexM3\ARM_GCC_541\Debug\cyfitter_cfg.o (CyDelayCycles)
.\CortexM3\ARM_GCC_541\Debug\Practica3.a(CyFlash.o)
                              .\CortexM3\ARM_GCC_541\Debug\Practica3.a(cyPm.o) (CyFlash_SetWaitCycles)
.\CortexM3\ARM_GCC_541\Debug\Practica3.a(CySpc.o)
                              .\CortexM3\ARM_GCC_541\Debug\Practica3.a(CyFlash.o) (CySpcStart)
c:/program files (x86)/cypress/psoc creator/4.2/psoc creator/import/gnu/arm/5.4.1/bin/../lib/gcc/arm-none-eabi/5.4.1/../../../../arm-none-eabi/lib/armv7-m\libg_nano.a(lib_a-errno.o)
                              .\CortexM3\ARM_GCC_541\Debug\Cm3Start.o (__errno)
c:/program files (x86)/cypress/psoc creator/4.2/psoc creator/import/gnu/arm/5.4.1/bin/../lib/gcc/arm-none-eabi/5.4.1/../../../../arm-none-eabi/lib/armv7-m\libg_nano.a(lib_a-exit.o)
                              c:/program files (x86)/cypress/psoc creator/4.2/psoc creator/import/gnu/arm/5.4.1/bin/../lib/gcc/arm-none-eabi/5.4.1/../../../../arm-none-eabi/lib/armv7-m/crt0.o (exit)
c:/program files (x86)/cypress/psoc creator/4.2/psoc creator/import/gnu/arm/5.4.1/bin/../lib/gcc/arm-none-eabi/5.4.1/../../../../arm-none-eabi/lib/armv7-m\libg_nano.a(lib_a-impure.o)
                              c:/program files (x86)/cypress/psoc creator/4.2/psoc creator/import/gnu/arm/5.4.1/bin/../lib/gcc/arm-none-eabi/5.4.1/../../../../arm-none-eabi/lib/armv7-m\libg_nano.a(lib_a-exit.o) (_global_impure_ptr)
c:/program files (x86)/cypress/psoc creator/4.2/psoc creator/import/gnu/arm/5.4.1/bin/../lib/gcc/arm-none-eabi/5.4.1/../../../../arm-none-eabi/lib/armv7-m\libg_nano.a(lib_a-init.o)
                              c:/program files (x86)/cypress/psoc creator/4.2/psoc creator/import/gnu/arm/5.4.1/bin/../lib/gcc/arm-none-eabi/5.4.1/../../../../arm-none-eabi/lib/armv7-m/crt0.o (__libc_init_array)
c:/program files (x86)/cypress/psoc creator/4.2/psoc creator/import/gnu/arm/5.4.1/bin/../lib/gcc/arm-none-eabi/5.4.1/../../../../arm-none-eabi/lib/armv7-m\libg_nano.a(lib_a-memcpy-stub.o)
                              .\CortexM3\ARM_GCC_541\Debug\cyfitter_cfg.o (memcpy)
c:/program files (x86)/cypress/psoc creator/4.2/psoc creator/import/gnu/arm/5.4.1/bin/../lib/gcc/arm-none-eabi/5.4.1/../../../../arm-none-eabi/lib/armv7-m\libg_nano.a(lib_a-memset.o)
                              c:/program files (x86)/cypress/psoc creator/4.2/psoc creator/import/gnu/arm/5.4.1/bin/../lib/gcc/arm-none-eabi/5.4.1/../../../../arm-none-eabi/lib/armv7-m/crt0.o (memset)
c:/program files (x86)/cypress/psoc creator/4.2/psoc creator/import/gnu/arm/5.4.1/bin/../lib/gcc/arm-none-eabi/5.4.1/../../../../arm-none-eabi/lib/armv7-m\libg_nano.a(lib_a-nano-vfprintf_float.o)
                              .\CortexM3\ARM_GCC_541\Debug\main.o (_printf_float)
c:/program files (x86)/cypress/psoc creator/4.2/psoc creator/import/gnu/arm/5.4.1/bin/../lib/gcc/arm-none-eabi/5.4.1/../../../../arm-none-eabi/lib/armv7-m\libg_nano.a(lib_a-nano-vfprintf_i.o)
                              c:/program files (x86)/cypress/psoc creator/4.2/psoc creator/import/gnu/arm/5.4.1/bin/../lib/gcc/arm-none-eabi/5.4.1/../../../../arm-none-eabi/lib/armv7-m\libg_nano.a(lib_a-nano-vfprintf_float.o) (_printf_common)
c:/program files (x86)/cypress/psoc creator/4.2/psoc creator/import/gnu/arm/5.4.1/bin/../lib/gcc/arm-none-eabi/5.4.1/../../../../arm-none-eabi/lib/armv7-m\libg_nano.a(lib_a-strlen.o)
[...]
Memory Configuration

Name             Origin             Length             Attributes
rom              0x00000000         0x00040000         xr
ram              0x1fff8000         0x00010000         xrw
*default*        0x00000000         0xffffffff

Linker script and memory map

LOAD c:/program files (x86)/cypress/psoc creator/4.2/psoc creator/import/gnu/arm/5.4.1/bin/../lib/gcc/arm-none-eabi/5.4.1/armv7-m/crti.o
LOAD c:/program files (x86)/cypress/psoc creator/4.2/psoc creator/import/gnu/arm/5.4.1/bin/../lib/gcc/arm-none-eabi/5.4.1/armv7-m/crtbegin.o
LOAD c:/program files (x86)/cypress/psoc creator/4.2/psoc creator/import/gnu/arm/5.4.1/bin/../lib/gcc/arm-none-eabi/5.4.1/../../../../arm-none-eabi/lib/armv7-m/crt0.o
START GROUP
LOAD .\CortexM3\ARM_GCC_541\Debug\main.o
LOAD .\CortexM3\ARM_GCC_541\Debug\cyfitter_cfg.o
LOAD .\CortexM3\ARM_GCC_541\Debug\cymetadata.o
LOAD .\CortexM3\ARM_GCC_541\Debug\Cm3Start.o
LOAD .\CortexM3\ARM_GCC_541\Debug\Practica3.a
LOAD C:\Program Files (x86)\Cypress\PSoC Creator\4.2\PSoC Creator\psoc\content\cycomponentlibrary\CyComponentLibrary.cylib\CortexM3\ARM_GCC_541\Debug\CyComponentLibrary.a
END GROUP
START GROUP
LOAD c:/program files (x86)/cypress/psoc creator/4.2/psoc creator/import/gnu/arm/5.4.1/bin/../lib/gcc/arm-none-eabi/5.4.1/armv7-m\libgcc.a
LOAD c:/program files (x86)/cypress/psoc creator/4.2/psoc creator/import/gnu/arm/5.4.1/bin/../lib/gcc/arm-none-eabi/5.4.1/../../../../arm-none-eabi/lib/armv7-m\libg_nano.a
LOAD c:/program files (x86)/cypress/psoc creator/4.2/psoc creator/import/gnu/arm/5.4.1/bin/../lib/gcc/arm-none-eabi/5.4.1/../../../../arm-none-eabi/lib/armv7-m\libc_nano.a
END GROUP
START GROUP
LOAD c:/program files (x86)/cypress/psoc creator/4.2/psoc creator/import/gnu/arm/5.4.1/bin/../lib/gcc/arm-none-eabi/5.4.1/armv7-m\libgcc.a
LOAD c:/program files (x86)/cypress/psoc creator/4.2/psoc creator/import/gnu/arm/5.4.1/bin/../lib/gcc/arm-none-eabi/5.4.1/../../../../arm-none-eabi/lib/armv7-m\libc_nano.a
END GROUP
LOAD c:/program files (x86)/cypress/psoc creator/4.2/psoc creator/import/gnu/arm/5.4.1/bin/../lib/gcc/arm-none-eabi/5.4.1/armv7-m/crtend.o
LOAD c:/program files (x86)/cypress/psoc creator/4.2/psoc creator/import/gnu/arm/5.4.1/bin/../lib/gcc/arm-none-eabi/5.4.1/armv7-m/crtn.o
START GROUP
LOAD c:/program files (x86)/cypress/psoc creator/4.2/psoc creator/import/gnu/arm/5.4.1/bin/../lib/gcc/arm-none-eabi/5.4.1/armv7-m\libgcc.a
LOAD c:/program files (x86)/cypress/psoc creator/4.2/psoc creator/import/gnu/arm/5.4.1/bin/../lib/gcc/arm-none-eabi/5.4.1/../../../../arm-none-eabi/lib/armv7-m\libc.a
LOAD c:/program files (x86)/cypress/psoc creator/4.2/psoc creator/import/gnu/arm/5.4.1/bin/../lib/gcc/arm-none-eabi/5.4.1/../../../../arm-none-eabi/lib/armv7-m\libnosys.a
END GROUP
                0x00000000                CY_APPL_ORIGIN = 0x0
                0x00000100                CY_FLASH_ROW_SIZE = 0x100
                0x00000020                CY_ECC_ROW_SIZE = 0x20
                0x00000000                CY_EE_IN_BTLDR = 0x0
                0x00000000                CY_APPL_LOADABLE = 0x0
                0x00000800                CY_EE_SIZE = 0x800
                0x00000001                CY_APPL_NUM = 0x1
                0x00000001                CY_APPL_MAX = 0x1
                0x00000040                CY_METADATA_SIZE = 0x40
                0x00000000                CY_APPL_LOADABLE = 0x0
                0x00000000                CY_CHECKSUM_EXCLUDE_SIZE = ALIGN (0x0, CY_FLASH_ROW_SIZE)
                [!provide]                PROVIDE (__cy_heap_start, _end)
                0x00000001                PROVIDE (__cy_region_num, ((__cy_regions_end - __cy_regions) / 0x10))
                0x20008000                PROVIDE (__cy_stack, (ORIGIN (ram) + LENGTH (ram)))
                [!provide]                PROVIDE (__cy_heap_end, (__cy_stack - 0x800))

.cybootloader   0x00000000        0x0
 *(.cybootloader)
                0x00000000                appl1_start = CY_APPL_ORIGIN?CY_APPL_ORIGIN:ALIGN (CY_FLASH_ROW_SIZE)
                0x0001ff00                appl2_start = (appl1_start + ALIGN ((((LENGTH (rom) - appl1_start) - (0x2 * CY_FLASH_ROW_SIZE)) / 0x2), CY_FLASH_ROW_SIZE))
                0x00000000                appl_start = (CY_APPL_NUM == 0x1)?appl1_start:appl2_start
                0x00000000                ecc_offset = ((appl_start / CY_FLASH_ROW_SIZE) * CY_ECC_ROW_SIZE)
                0x00000000                ee_offset = (CY_APPL_LOADABLE && ! (CY_EE_IN_BTLDR))?((CY_EE_SIZE / CY_APPL_MAX) * (CY_APPL_NUM - 0x1)):0x0
                0x00000800                ee_size = (CY_APPL_LOADABLE && ! (CY_EE_IN_BTLDR))?(CY_EE_SIZE / CY_APPL_MAX):CY_EE_SIZE
                [!provide]                PROVIDE (CY_ECC_OFFSET, ecc_offset)

.text           0x00000000      0xad6
 CREATE_OBJECT_SYMBOLS
                0x00000000                PROVIDE (__cy_interrupt_vector, RomVectors)
 *(.romvectors)
 .romvectors    0x00000000       0x10 .\CortexM3\ARM_GCC_541\Debug\Cm3Start.o
                0x00000000                RomVectors
                0x00000001                ASSERT ((. != __cy_interrupt_vector), No interrupt vector)
                0x00000001                ASSERT (CY_APPL_ORIGIN?(SIZEOF (.cybootloader) <= CY_APPL_ORIGIN):0x1, Wrong image location)
                0x00000010                PROVIDE (__cy_reset, Reset)
 *(.text.Reset)
 .text.Reset    0x00000010       0x18 .\CortexM3\ARM_GCC_541\Debug\Cm3Start.o
                0x00000010                Reset
                0x00000001                ASSERT ((. != __cy_reset), No reset code)
 *(.dma_init)
                0x00000001                ASSERT ((((appl_start + .) <= 0x10000) || 0x1), DMA Init must be within the first 64k of flash)
 *(.text .text.* .gnu.linkonce.t.*)
 .text          0x00000028       0x5c c:/program files (x86)/cypress/psoc creator/4.2/psoc creator/import/gnu/arm/5.4.1/bin/../lib/gcc/arm-none-eabi/5.4.1/armv7-m/crtbegin.o
 .text.RxIsr    0x00000084       0xa0 .\CortexM3\ARM_GCC_541\Debug\main.o
                0x00000084                RxIsr
 .text.main     0x00000124       0x34 .\CortexM3\ARM_GCC_541\Debug\main.o
                0x00000124                main
 .text.CyClockStartupError
                0x00000158        0x4 .\CortexM3\ARM_GCC_541\Debug\cyfitter_cfg.o
 .text.cfg_write_bytes32
                0x0000015c       0x34 .\CortexM3\ARM_GCC_541\Debug\cyfitter_cfg.o
 .text.AnalogSetDefault
                0x00000190       0x28 .\CortexM3\ARM_GCC_541\Debug\cyfitter_cfg.o
 .text.CYMEMZERO
                0x000001b8        0xc .\CortexM3\ARM_GCC_541\Debug\cyfitter_cfg.o
 .text.ClockSetup
                0x000001c4       0xc0 .\CortexM3\ARM_GCC_541\Debug\cyfitter_cfg.o
 .text.CYCONFIGCPY
                0x00000284        0x8 .\CortexM3\ARM_GCC_541\Debug\cyfitter_cfg.o
 .text.cyfitter_cfg
                0x0000028c      0x120 .\CortexM3\ARM_GCC_541\Debug\cyfitter_cfg.o
                0x0000028c                cyfitter_cfg
 .text.IntDefaultHandler
                0x000003ac       0x10 .\CortexM3\ARM_GCC_541\Debug\Cm3Start.o
                0x000003ac                IntDefaultHandler
 .text.Start_c  0x000003bc       0x4c .\CortexM3\ARM_GCC_541\Debug\Cm3Start.o
                0x000003bc                Start_c
 .text.initialize_psoc
                0x00000408       0x68 .\CortexM3\ARM_GCC_541\Debug\Cm3Start.o
                0x00000408                initialize_psoc
 .text.Clock_1_GetDividerRegister
                0x00000470        0xc .\CortexM3\ARM_GCC_541\Debug\Practica3.a(Clock_1.o)
                0x00000470                Clock_1_GetDividerRegister
 .text.Clock_1_GetSourceRegister
                0x0000047c       0x10 .\CortexM3\ARM_GCC_541\Debug\Practica3.a(Clock_1.o)
                0x0000047c                Clock_1_GetSourceRegister
 .text.Clock_1_SetSourceRegister
                0x0000048c       0x5c .\CortexM3\ARM_GCC_541\Debug\Practica3.a(Clock_1.o)
                0x0000048c                Clock_1_SetSourceRegister
 .text.generadorPulsosPWM_Enable
                0x000004e8       0x10 .\CortexM3\ARM_GCC_541\Debug\Practica3.a(generadorPulsosPWM.o)
                0x000004e8                generadorPulsosPWM_Enable
 .text.generadorPulsosPWM_Stop
                0x000004f8       0x10 .\CortexM3\ARM_GCC_541\Debug\Practica3.a(generadorPulsosPWM.o)
                0x000004f8                generadorPulsosPWM_Stop
 .text.generadorPulsosPWM_WriteCounter
                0x00000508        0xc .\CortexM3\ARM_GCC_541\Debug\Practica3.a(generadorPulsosPWM.o)
                0x00000508                generadorPulsosPWM_WriteCounter
 .text.generadorPulsosPWM_ReadCounter
                0x00000514       0x14 .\CortexM3\ARM_GCC_541\Debug\Practica3.a(generadorPulsosPWM.o)
                0x00000514                generadorPulsosPWM_ReadCounter
 .text.generadorPulsosPWM_WritePeriod
                0x00000528        0xc .\CortexM3\ARM_GCC_541\Debug\Practica3.a(generadorPulsosPWM.o)
                0x00000528                generadorPulsosPWM_WritePeriod
 .text.generadorPulsosPWM_WriteCompare
                0x00000534        0xc .\CortexM3\ARM_GCC_541\Debug\Practica3.a(generadorPulsosPWM.o)
                0x00000534                generadorPulsosPWM_WriteCompare
 .text.generadorPulsosPWM_SetInterruptMode
                0x00000540        0xc .\CortexM3\ARM_GCC_541\Debug\Practica3.a(generadorPulsosPWM.o)
                0x00000540                generadorPulsosPWM_SetInterruptMode
 .text.generadorPulsosPWM_ReadStatusRegister
                0x0000054c        0xc .\CortexM3\ARM_GCC_541\Debug\Practica3.a(generadorPulsosPWM.o)
                0x0000054c                generadorPulsosPWM_ReadStatusRegister
 .text.generadorPulsosPWM_ReadControlRegister
                0x00000558        0xc .\CortexM3\ARM_GCC_541\Debug\Practica3.a(generadorPulsosPWM.o)
                0x00000558                generadorPulsosPWM_ReadControlRegister
 .text.generadorPulsosPWM_ReadCapture
                0x00000564        0xc .\CortexM3\ARM_GCC_541\Debug\Practica3.a(generadorPulsosPWM.o)
                0x00000564                generadorPulsosPWM_ReadCapture
 .text.generadorPulsosPWM_ClearFIFO
                0x00000570       0x14 .\CortexM3\ARM_GCC_541\Debug\Practica3.a(generadorPulsosPWM.o)
                0x00000570                generadorPulsosPWM_ClearFIFO
 .text.generadorPulsosPWM_Init
                0x00000584       0x50 .\CortexM3\ARM_GCC_541\Debug\Practica3.a(generadorPulsosPWM.o)
                0x00000584                generadorPulsosPWM_Init
 .text.generadorPulsosPWM_Start
                0x000005d4       0x1c .\CortexM3\ARM_GCC_541\Debug\Practica3.a(generadorPulsosPWM.o)
                0x000005d4                generadorPulsosPWM_Start
 .text.generadorPulsosPWM_ReadPeriod
                0x000005f0        0xc .\CortexM3\ARM_GCC_541\Debug\Practica3.a(generadorPulsosPWM.o)
                0x000005f0                generadorPulsosPWM_ReadPeriod
 .text.generadorPulsosPWM_SaveConfig
                0x000005fc       0x28 .\CortexM3\ARM_GCC_541\Debug\Practica3.a(generadorPulsosPWM_PM.o)
                0x000005fc                generadorPulsosPWM_SaveConfig
 .text.generadorPulsosPWM_Sleep
                0x00000624       0x2c .\CortexM3\ARM_GCC_541\Debug\Practica3.a(generadorPulsosPWM_PM.o)
                0x00000624                generadorPulsosPWM_Sleep
 .text.UART_Init
                0x00000650       0x28 .\CortexM3\ARM_GCC_541\Debug\Practica3.a(UART.o)
                0x00000650                UART_Init
 .text.UART_Enable
                0x00000678       0x38 .\CortexM3\ARM_GCC_541\Debug\Practica3.a(UART.o)
                0x00000678                UART_Enable
 .text.UART_Start
                0x000006b0       0x1c .\CortexM3\ARM_GCC_541\Debug\Practica3.a(UART.o)
                0x000006b0                UART_Start
 .text.UART_PutChar
                0x000006cc       0x18 .\CortexM3\ARM_GCC_541\Debug\Practica3.a(UART.o)
                0x000006cc                UART_PutChar
 .text.UART_PutString
                0x000006e4       0x24 .\CortexM3\ARM_GCC_541\Debug\Practica3.a(UART.o)
                0x000006e4                UART_PutString
 .text.Pantalla_WrCntrlNib
                0x00000708       0x38 .\CortexM3\ARM_GCC_541\Debug\Practica3.a(Pantalla.o)
 .text.Pantalla_WrDatNib
                0x00000740       0x48 .\CortexM3\ARM_GCC_541\Debug\Practica3.a(Pantalla.o)
 .text.Pantalla_IsReady
                0x00000788       0xe0 .\CortexM3\ARM_GCC_541\Debug\Practica3.a(Pantalla.o)
                0x00000788                Pantalla_IsReady
 .text.Pantalla_WriteData
                0x00000868       0x18 .\CortexM3\ARM_GCC_541\Debug\Practica3.a(Pantalla.o)
                0x00000868                Pantalla_WriteData
 .text.Pantalla_PrintString
                0x00000880       0x1c .\CortexM3\ARM_GCC_541\Debug\Practica3.a(Pantalla.o)
                0x00000880                Pantalla_PrintString
 .text.Pantalla_WriteControl
                0x0000089c       0x18 .\CortexM3\ARM_GCC_541\Debug\Practica3.a(Pantalla.o)
                0x0000089c                Pantalla_WriteControl
 .text.Pantalla_Init
                0x000008b4       0x6c .\CortexM3\ARM_GCC_541\Debug\Practica3.a(Pantalla.o)
                0x000008b4                Pantalla_Init
 .text.Pantalla_Enable
                0x00000920       0x14 .\CortexM3\ARM_GCC_541\Debug\Practica3.a(Pantalla.o)
                0x00000920                Pantalla_Enable
 .text.Pantalla_Start
                0x00000934       0x1c .\CortexM3\ARM_GCC_541\Debug\Practica3.a(Pantalla.o)
                0x00000934                Pantalla_Start
 .text.Pantalla_Position
                0x00000950       0x3c .\CortexM3\ARM_GCC_541\Debug\Practica3.a(Pantalla.o)
                0x00000950                Pantalla_Position
 .text.UART_isr_SetVector
                0x0000098c        0xc .\CortexM3\ARM_GCC_541\Debug\Practica3.a(UART_isr.o)
                0x0000098c                UART_isr_SetVector
 .text.UART_isr_SetPriority
                0x00000998       0x10 .\CortexM3\ARM_GCC_541\Debug\Practica3.a(UART_isr.o)
                0x00000998                UART_isr_SetPriority
 .text.UART_isr_Enable
                0x000009a8        0xc .\CortexM3\ARM_GCC_541\Debug\Practica3.a(UART_isr.o)
                0x000009a8                UART_isr_Enable
 .text.UART_isr_Disable
                0x000009b4        0xc .\CortexM3\ARM_GCC_541\Debug\Practica3.a(UART_isr.o)
                0x000009b4                UART_isr_Disable
 .text.UART_isr_StartEx
                0x000009c0       0x1c .\CortexM3\ARM_GCC_541\Debug\Practica3.a(UART_isr.o)
                0x000009c0                UART_isr_StartEx
 .text.UART_IntClock_Start
                0x000009dc       0x1c .\CortexM3\ARM_GCC_541\Debug\Practica3.a(UART_IntClock.o)
                0x000009dc                UART_IntClock_Start
 .text.CyDelay  0x000009f8       0x2c .\CortexM3\ARM_GCC_541\Debug\Practica3.a(CyLib.o)
                0x000009f8                CyDelay
 .text.CyDelayUs
                0x00000a24       0x14 .\CortexM3\ARM_GCC_541\Debug\Practica3.a(CyLib.o)
                0x00000a24                CyDelayUs
 .text          0x00000a38       0x20 .\CortexM3\ARM_GCC_541\Debug\Practica3.a(CyBootAsmGnu.o)
                0x00000a38                CyDelayCycles
                0x00000a48                CyEnterCriticalSection
                0x00000a50                CyExitCriticalSection
 .text.__errno  0x00000a58        0xc c:/program files (x86)/cypress/psoc creator/4.2/psoc creator/import/gnu/arm/5.4.1/bin/../lib/gcc/arm-none-eabi/5.4.1/../../../../arm-none-eabi/lib/armv7-m\libg_nano.a(lib_a-errno.o)
                0x00000a58                __errno
 .text.__libc_init_array
                0x00000a64       0x4c c:/program files (x86)/cypress/psoc creator/4.2/psoc creator/import/gnu/arm/5.4.1/bin/../lib/gcc/arm-none-eabi/5.4.1/../../../../arm-none-eabi/lib/armv7-m\libg_nano.a(lib_a-init.o)
                0x00000a64                __libc_init_array
 .text.memcpy   0x00000ab0       0x16 c:/program files (x86)/cypress/psoc creator/4.2/psoc creator/import/gnu/arm/5.4.1/bin/../lib/gcc/arm-none-eabi/5.4.1/../../../../arm-none-eabi/lib/armv7-m\libg_nano.a(lib_a-memcpy-stub.o)
                0x00000ab0                memcpy
 .text.memset   0x00000ac6       0x10 c:/program files (x86)/cypress/psoc creator/4.2/psoc creator/import/gnu/arm/5.4.1/bin/../lib/gcc/arm-none-eabi/5.4.1/../../../../arm-none-eabi/lib/armv7-m\libg_nano.a(lib_a-memset.o)
                0x00000ac6                memset
 *(.plt)
 *(.gnu.warning)
 *(.glue_7t)
 .glue_7t       0x00000ad6        0x0 linker stubs
 *(.glue_7)
 .glue_7        0x00000ad6        0x0 linker stubs
 *(.vfp11_veneer)
 .vfp11_veneer  0x00000ad6        0x0 linker stubs
 *(.bootloader)
 *(.ARM.extab* .gnu.linkonce.armextab.*)
 *(.gcc_except_table)

.v4_bx          0x00000ad8        0x0
 .v4_bx         0x00000ad8        0x0 linker stubs

.iplt           0x00000ad8        0x0
 .iplt          0x00000ad8        0x0 c:/program files (x86)/cypress/psoc creator/4.2/psoc creator/import/gnu/arm/5.4.1/bin/../lib/gcc/arm-none-eabi/5.4.1/armv7-m/crtbegin.o

.eh_frame_hdr
 *(.eh_frame_hdr)

.eh_frame       0x00000ad8        0x4
 *(.eh_frame)
 .eh_frame      0x00000ad8        0x0 c:/program files (x86)/cypress/psoc creator/4.2/psoc creator/import/gnu/arm/5.4.1/bin/../lib/gcc/arm-none-eabi/5.4.1/armv7-m/crtbegin.o
 .eh_frame      0x00000ad8        0x4 c:/program files (x86)/cypress/psoc creator/4.2/psoc creator/import/gnu/arm/5.4.1/bin/../lib/gcc/arm-none-eabi/5.4.1/armv7-m/crtend.o
                [!provide]                PROVIDE (__exidx_start, .)

.ARM.exidx
 *(.ARM.exidx* .gnu.linkonce.armexidx.*)
                0x00000adc                __exidx_end = .

.rodata         0x00000adc       0x9c
 *(.rodata .rodata.* .gnu.linkonce.r.*)
 .rodata.str1.4
                0x00000adc       0x24 .\CortexM3\ARM_GCC_541\Debug\main.o
                                 0x23 (size before relaxing)
 .rodata        0x00000b00       0x42 .\CortexM3\ARM_GCC_541\Debug\cyfitter_cfg.o
 .rodata.str1.1
                0x00000b42        0x2 c:/program files (x86)/cypress/psoc creator/4.2/psoc creator/import/gnu/arm/5.4.1/bin/../lib/gcc/arm-none-eabi/5.4.1/../../../../arm-none-eabi/lib/armv7-m\libg_nano.a(lib_a-impure.o)
                0x00000b44                . = ALIGN (0x4)
 *(.init)
 .init          0x00000b44        0x4 c:/program files (x86)/cypress/psoc creator/4.2/psoc creator/import/gnu/arm/5.4.1/bin/../lib/gcc/arm-none-eabi/5.4.1/armv7-m/crti.o
                0x00000b44                _init
 .init          0x00000b48        0x8 c:/program files (x86)/cypress/psoc creator/4.2/psoc creator/import/gnu/arm/5.4.1/bin/../lib/gcc/arm-none-eabi/5.4.1/armv7-m/crtn.o
                0x00000b50                . = ALIGN (0x4)
                0x00000b50                __preinit_array_start = .
 *(.preinit_array)
                0x00000b50                __preinit_array_end = .
                0x00000b50                . = ALIGN (0x4)
                0x00000b50                __init_array_start = .
 *(SORT(.init_array.*))
 *(.init_array)
 .init_array    0x00000b50        0x4 c:/program files (x86)/cypress/psoc creator/4.2/psoc creator/import/gnu/arm/5.4.1/bin/../lib/gcc/arm-none-eabi/5.4.1/armv7-m/crtbegin.o
 .init_array    0x00000b54        0x4 .\CortexM3\ARM_GCC_541\Debug\Cm3Start.o
                0x00000b58                __init_array_end = .
                0x00000b58                . = ALIGN (0x4)
 *(.fini)
 .fini          0x00000b58        0x4 c:/program files (x86)/cypress/psoc creator/4.2/psoc creator/import/gnu/arm/5.4.1/bin/../lib/gcc/arm-none-eabi/5.4.1/armv7-m/crti.o
                0x00000b58                _fini
 .fini          0x00000b5c        0x8 c:/program files (x86)/cypress/psoc creator/4.2/psoc creator/import/gnu/arm/5.4.1/bin/../lib/gcc/arm-none-eabi/5.4.1/armv7-m/crtn.o
                0x00000b64                . = ALIGN (0x4)
                0x00000b64                __fini_array_start = .
 *(.fini_array)
 .fini_array    0x00000b64        0x4 c:/program files (x86)/cypress/psoc creator/4.2/psoc creator/import/gnu/arm/5.4.1/bin/../lib/gcc/arm-none-eabi/5.4.1/armv7-m/crtbegin.o
 *(SORT(.fini_array.*))
                0x00000b68                __fini_array_end = .
                0x00000b68                . = ALIGN (0x4)
 *crtbegin.o(.ctors)
 *(EXCLUDE_FILE(*crtend.o) .ctors)
 *(SORT(.ctors.*))
 *crtend.o(.ctors)
                0x00000b68                . = ALIGN (0x4)
 *crtbegin.o(.dtors)
 *(EXCLUDE_FILE(*crtend.o) .dtors)
 *(SORT(.dtors.*))
 *crtend.o(.dtors)
                0x00000b68                . = ALIGN (0x4)
                0x00000b68                __cy_regions = .
                0x00000b68        0x4 LONG 0xb78 __cy_region_init_ram
                0x00000b6c        0x4 LONG 0x1fff80c8 __cy_region_start_data
                0x00000b70        0x4 LONG 0x78 __cy_region_init_size_ram
                0x00000b74        0x4 LONG 0x30 __cy_region_zero_size_ram
                0x00000b78                __cy_regions_end = .
                0x00000b78                . = ALIGN (0x8)
                0x00000b78                _etext = .

.cy_checksum_exclude
                0x00000b78        0x0
 *(.cy_checksum_exclude)

.ramvectors     0x1fff8000       0xc0
                0x1fff8000                __cy_region_start_ram = .
 *(.ramvectors)
 .ramvectors    0x1fff8000       0xc0 .\CortexM3\ARM_GCC_541\Debug\Cm3Start.o
                0x1fff8000                CyRamVectors

.noinit         0x1fff80c0        0x1
 *(.noinit)
 .noinit        0x1fff80c0        0x1 .\CortexM3\ARM_GCC_541\Debug\Practica3.a(CyLib.o)
                0x1fff80c0                CyResetStatus

.data           0x1fff80c8       0x78 load address 0x00000b78
                0x1fff80c8                __cy_region_start_data = .
 *(.jcr)
 .jcr           0x1fff80c8        0x0 c:/program files (x86)/cypress/psoc creator/4.2/psoc creator/import/gnu/arm/5.4.1/bin/../lib/gcc/arm-none-eabi/5.4.1/armv7-m/crtbegin.o
 .jcr           0x1fff80c8        0x4 c:/program files (x86)/cypress/psoc creator/4.2/psoc creator/import/gnu/arm/5.4.1/bin/../lib/gcc/arm-none-eabi/5.4.1/armv7-m/crtend.o
 *(.got.plt)
 *(.got)
 *(.shdata)
 *(.data .data.* .gnu.linkonce.d.*)
 .data          0x1fff80cc       0x10 .\CortexM3\ARM_GCC_541\Debug\Practica3.a(CyLib.o)
                0x1fff80cc                cydelay_32k_ms
                0x1fff80d0                cydelay_freq_khz
                0x1fff80d4                cydelay_freq_mhz
                0x1fff80d8                cydelay_freq_hz
 .data.impure_data
                0x1fff80dc       0x60 c:/program files (x86)/cypress/psoc creator/4.2/psoc creator/import/gnu/arm/5.4.1/bin/../lib/gcc/arm-none-eabi/5.4.1/../../../../arm-none-eabi/lib/armv7-m\libg_nano.a(lib_a-impure.o)
 .data._impure_ptr
                0x1fff813c        0x4 c:/program files (x86)/cypress/psoc creator/4.2/psoc creator/import/gnu/arm/5.4.1/bin/../lib/gcc/arm-none-eabi/5.4.1/../../../../arm-none-eabi/lib/armv7-m\libg_nano.a(lib_a-impure.o)
                0x1fff813c                _impure_ptr
                0x1fff8140                . = ALIGN (0x8)
 *(.ram)
                0x1fff8140                _edata = .

.igot.plt       0x1fff8140        0x0 load address 0x00000bf0
 .igot.plt      0x1fff8140        0x0 c:/program files (x86)/cypress/psoc creator/4.2/psoc creator/import/gnu/arm/5.4.1/bin/../lib/gcc/arm-none-eabi/5.4.1/armv7-m/crtbegin.o

.bss            0x1fff8140       0x30 load address 0x00000bf0
                0x1fff8140                PROVIDE (__bss_start__, .)
 *(.shbss)
 *(.bss .bss.* .gnu.linkonce.b.*)
 .bss           0x1fff8140       0x1c c:/program files (x86)/cypress/psoc creator/4.2/psoc creator/import/gnu/arm/5.4.1/bin/../lib/gcc/arm-none-eabi/5.4.1/armv7-m/crtbegin.o
 .bss           0x1fff815c        0x1 .\CortexM3\ARM_GCC_541\Debug\main.o
                0x1fff815c                errorStatus
 .bss           0x1fff815d        0x1 .\CortexM3\ARM_GCC_541\Debug\Practica3.a(generadorPulsosPWM.o)
                0x1fff815d                generadorPulsosPWM_initVar
 *fill*         0x1fff815e        0x2 
 .bss           0x1fff8160        0x5 .\CortexM3\ARM_GCC_541\Debug\Practica3.a(generadorPulsosPWM_PM.o)
 .bss           0x1fff8165        0x2 .\CortexM3\ARM_GCC_541\Debug\Practica3.a(UART.o)
                0x1fff8165                UART_initVar
 .bss           0x1fff8167        0x2 .\CortexM3\ARM_GCC_541\Debug\Practica3.a(Pantalla.o)
                0x1fff8167                Pantalla_enableState
                0x1fff8168                Pantalla_initVar
 *(COMMON)
                0x1fff8170                . = ALIGN (0x8)
 *fill*         0x1fff8169        0x7 
 *(.ram.b)
                0x1fff8170                _end = .
                0x1fff8170                __end = .
                0x1fff8170                PROVIDE (end, .)
                0x1fff8170                PROVIDE (__bss_end__, .)
                0x00000b78                __cy_region_init_ram = LOADADDR (.data)
                0x00000078                __cy_region_init_size_ram = (_edata - ADDR (.data))
                0x00000030                __cy_region_zero_size_ram = (_end - _edata)

.heap           0x1fff8170       0x80 load address 0x00000bf0
                0x1fff8170                . = _end
                0x1fff81f0                . = (. + 0x80)
 *fill*         0x1fff8170       0x80 
                0x1fff81f0                __cy_heap_limit = .

.stack          0x20007800      0x800
                0x20007800                __cy_stack_limit = .
                0x20008000                . = (. + 0x800)
 *fill*         0x20007800      0x800 
                0x00000001                ASSERT ((__cy_stack_limit >= __cy_heap_limit), region RAM overflowed with stack)
                0x00000000                cy_checksum_exclude_size = (CY_APPL_LOADABLE == 0x1)?SIZEOF (.cy_checksum_exclude):0x0
                0x00000001                ASSERT ((cy_checksum_exclude_size <= CY_CHECKSUM_EXCLUDE_SIZE), CY_BOOT: Section .cy_checksum_exclude size exceedes specified limit.)

.cyloadermeta
 *(.cyloadermeta)

.cyloadablemeta
 *(.cyloadablemeta)

.cyconfigecc    0x80000000      0x404
 *(.cyconfigecc)
 .cyconfigecc   0x80000000      0x404 .\CortexM3\ARM_GCC_541\Debug\cymetadata.o
                0x80000000                cy_meta_configecc

.cycustnvl      0x90000000        0x4
 *(.cycustnvl)
 .cycustnvl     0x90000000        0x4 .\CortexM3\ARM_GCC_541\Debug\cymetadata.o
                0x90000000                cy_meta_custnvl

.cywolatch      0x90100000        0x4
 *(.cywolatch)
 .cywolatch     0x90100000        0x4 .\CortexM3\ARM_GCC_541\Debug\cymetadata.o
                0x90100000                cy_meta_wonvl

.cyeeprom       0x90200000        0x0
 *(.cyeeprom)
                0x00000001                ASSERT ((. <= ((0x90200000 + ee_offset) + ee_size)), .cyeeprom data will not fit in EEPROM)

.cyflashprotect
                0x90400000      0x100
 *(.cyflashprotect)
 .cyflashprotect
                0x90400000      0x100 .\CortexM3\ARM_GCC_541\Debug\cymetadata.o
                0x90400000                cy_meta_flashprotect

.cymeta         0x90500000        0xc
 *(.cymeta)
 .cymeta        0x90500000        0xc .\CortexM3\ARM_GCC_541\Debug\cymetadata.o
                0x90500000                cy_metadata

.rel.dyn        0x00000bf0        0x0 load address 0x9050000c
 .rel.iplt      0x00000bf0        0x0 c:/program files (x86)/cypress/psoc creator/4.2/psoc creator/import/gnu/arm/5.4.1/bin/../lib/gcc/arm-none-eabi/5.4.1/armv7-m/crtbegin.o

.stab
 *(.stab)

.stabstr
 *(.stabstr)

.debug
 *(.debug)

.line
 *(.line)

.debug_srcinfo
 *(.debug_srcinfo)

.debug_sfnames
 *(.debug_sfnames)

.debug_aranges  0x00000000      0x8f8
 *(.debug_aranges)
 .debug_aranges
                0x00000000       0x28 .\CortexM3\ARM_GCC_541\Debug\main.o
 .debug_aranges
                0x00000028       0x58 .\CortexM3\ARM_GCC_541\Debug\cyfitter_cfg.o
 .debug_aranges
                0x00000080       0x18 .\CortexM3\ARM_GCC_541\Debug\cymetadata.o
 .debug_aranges
                0x00000098       0x48 .\CortexM3\ARM_GCC_541\Debug\Cm3Start.o
 .debug_aranges
                0x000000e0       0x70 .\CortexM3\ARM_GCC_541\Debug\Practica3.a(Clock_1.o)
 .debug_aranges
                0x00000150       0x98 .\CortexM3\ARM_GCC_541\Debug\Practica3.a(generadorPulsosPWM.o)
 .debug_aranges
                0x000001e8       0x38 .\CortexM3\ARM_GCC_541\Debug\Practica3.a(generadorPulsosPWM_PM.o)
 .debug_aranges
                0x00000220       0xf0 .\CortexM3\ARM_GCC_541\Debug\Practica3.a(UART.o)
 .debug_aranges
                0x00000310       0x98 .\CortexM3\ARM_GCC_541\Debug\Practica3.a(Pantalla.o)
 .debug_aranges
                0x000003a8       0x80 .\CortexM3\ARM_GCC_541\Debug\Practica3.a(UART_isr.o)
 .debug_aranges
                0x00000428       0x70 .\CortexM3\ARM_GCC_541\Debug\Practica3.a(UART_IntClock.o)
 .debug_aranges
                0x00000498      0x2a0 .\CortexM3\ARM_GCC_541\Debug\Practica3.a(CyLib.o)
 .debug_aranges
                0x00000738       0x98 .\CortexM3\ARM_GCC_541\Debug\Practica3.a(cyPm.o)
 .debug_aranges
                0x000007d0       0x20 .\CortexM3\ARM_GCC_541\Debug\Practica3.a(CyBootAsmGnu.o)
 .debug_aranges
                0x000007f0       0x88 .\CortexM3\ARM_GCC_541\Debug\Practica3.a(CyFlash.o)
 .debug_aranges
                0x00000878       0x80 .\CortexM3\ARM_GCC_541\Debug\Practica3.a(CySpc.o)

.debug_pubnames
 *(.debug_pubnames)

.debug_info     0x00000000     0x5176
 *(.debug_info .gnu.linkonce.wi.*)
 .debug_info    0x00000000      0x2ad .\CortexM3\ARM_GCC_541\Debug\main.o
 .debug_info    0x000002ad      0x5ba .\CortexM3\ARM_GCC_541\Debug\cyfitter_cfg.o
 .debug_info    0x00000867      0x135 .\CortexM3\ARM_GCC_541\Debug\cymetadata.o
 .debug_info    0x0000099c      0x3bb .\CortexM3\ARM_GCC_541\Debug\Cm3Start.o
 .debug_info    0x00000d57      0x283 .\CortexM3\ARM_GCC_541\Debug\Practica3.a(Clock_1.o)
 .debug_info    0x00000fda      0x333 .\CortexM3\ARM_GCC_541\Debug\Practica3.a(generadorPulsosPWM.o)
 .debug_info    0x0000130d      0x217 .\CortexM3\ARM_GCC_541\Debug\Practica3.a(generadorPulsosPWM_PM.o)
 .debug_info    0x00001524      0x60c .\CortexM3\ARM_GCC_541\Debug\Practica3.a(UART.o)
 .debug_info    0x00001b30      0x715 .\CortexM3\ARM_GCC_541\Debug\Practica3.a(Pantalla.o)
 .debug_info    0x00002245      0x2d2 .\CortexM3\ARM_GCC_541\Debug\Practica3.a(UART_isr.o)
 .debug_info    0x00002517      0x283 .\CortexM3\ARM_GCC_541\Debug\Practica3.a(UART_IntClock.o)
 .debug_info    0x0000279a     0x1374 .\CortexM3\ARM_GCC_541\Debug\Practica3.a(CyLib.o)
 .debug_info    0x00003b0e      0xa2a .\CortexM3\ARM_GCC_541\Debug\Practica3.a(cyPm.o)
 .debug_info    0x00004538       0xa1 .\CortexM3\ARM_GCC_541\Debug\Practica3.a(CyBootAsmGnu.o)
 .debug_info    0x000045d9      0x64d .\CortexM3\ARM_GCC_541\Debug\Practica3.a(CyFlash.o)
 .debug_info    0x00004c26      0x550 .\CortexM3\ARM_GCC_541\Debug\Practica3.a(CySpc.o)

.debug_abbrev   0x00000000     0x153d
 *(.debug_abbrev)
 .debug_abbrev  0x00000000      0x104 .\CortexM3\ARM_GCC_541\Debug\main.o
 .debug_abbrev  0x00000104      0x20d .\CortexM3\ARM_GCC_541\Debug\cyfitter_cfg.o
 .debug_abbrev  0x00000311       0x66 .\CortexM3\ARM_GCC_541\Debug\cymetadata.o
 .debug_abbrev  0x00000377      0x1e8 .\CortexM3\ARM_GCC_541\Debug\Cm3Start.o
 .debug_abbrev  0x0000055f      0x139 .\CortexM3\ARM_GCC_541\Debug\Practica3.a(Clock_1.o)
 .debug_abbrev  0x00000698      0x133 .\CortexM3\ARM_GCC_541\Debug\Practica3.a(generadorPulsosPWM.o)
 .debug_abbrev  0x000007cb       0xac .\CortexM3\ARM_GCC_541\Debug\Practica3.a(generadorPulsosPWM_PM.o)
 .debug_abbrev  0x00000877      0x175 .\CortexM3\ARM_GCC_541\Debug\Practica3.a(UART.o)
 .debug_abbrev  0x000009ec      0x157 .\CortexM3\ARM_GCC_541\Debug\Practica3.a(Pantalla.o)
 .debug_abbrev  0x00000b43      0x173 .\CortexM3\ARM_GCC_541\Debug\Practica3.a(UART_isr.o)
 .debug_abbrev  0x00000cb6      0x139 .\CortexM3\ARM_GCC_541\Debug\Practica3.a(UART_IntClock.o)
 .debug_abbrev  0x00000def      0x254 .\CortexM3\ARM_GCC_541\Debug\Practica3.a(CyLib.o)
 .debug_abbrev  0x00001043      0x1ab .\CortexM3\ARM_GCC_541\Debug\Practica3.a(cyPm.o)
 .debug_abbrev  0x000011ee       0x14 .\CortexM3\ARM_GCC_541\Debug\Practica3.a(CyBootAsmGnu.o)
 .debug_abbrev  0x00001202      0x1a7 .\CortexM3\ARM_GCC_541\Debug\Practica3.a(CyFlash.o)
 .debug_abbrev  0x000013a9      0x194 .\CortexM3\ARM_GCC_541\Debug\Practica3.a(CySpc.o)

.debug_line     0x00000000     0x22c7
 *(.debug_line)
 .debug_line    0x00000000      0x1de .\CortexM3\ARM_GCC_541\Debug\main.o
 .debug_line    0x000001de      0x1f6 .\CortexM3\ARM_GCC_541\Debug\cyfitter_cfg.o
 .debug_line    0x000003d4      0x141 .\CortexM3\ARM_GCC_541\Debug\cymetadata.o
 .debug_line    0x00000515      0x234 .\CortexM3\ARM_GCC_541\Debug\Cm3Start.o
 .debug_line    0x00000749      0x176 .\CortexM3\ARM_GCC_541\Debug\Practica3.a(Clock_1.o)
 .debug_line    0x000008bf      0x192 .\CortexM3\ARM_GCC_541\Debug\Practica3.a(generadorPulsosPWM.o)
 .debug_line    0x00000a51       0xc7 .\CortexM3\ARM_GCC_541\Debug\Practica3.a(generadorPulsosPWM_PM.o)
 .debug_line    0x00000b18      0x2bc .\CortexM3\ARM_GCC_541\Debug\Practica3.a(UART.o)
 .debug_line    0x00000dd4      0x1e5 .\CortexM3\ARM_GCC_541\Debug\Practica3.a(Pantalla.o)
 .debug_line    0x00000fb9      0x135 .\CortexM3\ARM_GCC_541\Debug\Practica3.a(UART_isr.o)
 .debug_line    0x000010ee      0x17c .\CortexM3\ARM_GCC_541\Debug\Practica3.a(UART_IntClock.o)
 .debug_line    0x0000126a      0x816 .\CortexM3\ARM_GCC_541\Debug\Practica3.a(CyLib.o)
 .debug_line    0x00001a80      0x367 .\CortexM3\ARM_GCC_541\Debug\Practica3.a(cyPm.o)
 .debug_line    0x00001de7       0x66 .\CortexM3\ARM_GCC_541\Debug\Practica3.a(CyBootAsmGnu.o)
 .debug_line    0x00001e4d      0x21a .\CortexM3\ARM_GCC_541\Debug\Practica3.a(CyFlash.o)
 .debug_line    0x00002067      0x260 .\CortexM3\ARM_GCC_541\Debug\Practica3.a(CySpc.o)

.debug_frame    0x00000000     0x1d7c
 *(.debug_frame)
 .debug_frame   0x00000000       0x4c .\CortexM3\ARM_GCC_541\Debug\main.o
 .debug_frame   0x0000004c       0xe4 .\CortexM3\ARM_GCC_541\Debug\cyfitter_cfg.o
 .debug_frame   0x00000130       0xb8 .\CortexM3\ARM_GCC_541\Debug\Cm3Start.o
 .debug_frame   0x000001e8       0xe0 .\CortexM3\ARM_GCC_541\Debug\Practica3.a(Clock_1.o)
 .debug_frame   0x000002c8      0x134 .\CortexM3\ARM_GCC_541\Debug\Practica3.a(generadorPulsosPWM.o)
 .debug_frame   0x000003fc       0x80 .\CortexM3\ARM_GCC_541\Debug\Practica3.a(generadorPulsosPWM_PM.o)
 .debug_frame   0x0000047c      0x250 .\CortexM3\ARM_GCC_541\Debug\Practica3.a(UART.o)
 .debug_frame   0x000006cc      0x1e8 .\CortexM3\ARM_GCC_541\Debug\Practica3.a(Pantalla.o)
 .debug_frame   0x000008b4      0x104 .\CortexM3\ARM_GCC_541\Debug\Practica3.a(UART_isr.o)
 .debug_frame   0x000009b8       0xe0 .\CortexM3\ARM_GCC_541\Debug\Practica3.a(UART_IntClock.o)
 .debug_frame   0x00000a98      0x738 .\CortexM3\ARM_GCC_541\Debug\Practica3.a(CyLib.o)
 .debug_frame   0x000011d0      0x1f8 .\CortexM3\ARM_GCC_541\Debug\Practica3.a(cyPm.o)
 .debug_frame   0x000013c8      0x194 .\CortexM3\ARM_GCC_541\Debug\Practica3.a(CyFlash.o)
 .debug_frame   0x0000155c      0x180 .\CortexM3\ARM_GCC_541\Debug\Practica3.a(CySpc.o)
 .debug_frame   0x000016dc       0x20 c:/program files (x86)/cypress/psoc creator/4.2/psoc creator/import/gnu/arm/5.4.1/bin/../lib/gcc/arm-none-eabi/5.4.1/../../../../arm-none-eabi/lib/armv7-m\libg_nano.a(lib_a-errno.o)
 .debug_frame   0x000016fc       0x28 c:/program files (x86)/cypress/psoc creator/4.2/psoc creator/import/gnu/arm/5.4.1/bin/../lib/gcc/arm-none-eabi/5.4.1/../../../../arm-none-eabi/lib/armv7-m\libg_nano.a(lib_a-exit.o)
 .debug_frame   0x00001724       0x2c c:/program files (x86)/cypress/psoc creator/4.2/psoc creator/import/gnu/arm/5.4.1/bin/../lib/gcc/arm-none-eabi/5.4.1/../../../../arm-none-eabi/lib/armv7-m\libg_nano.a(lib_a-init.o)
 .debug_frame   0x00001750       0x28 c:/program files (x86)/cypress/psoc creator/4.2/psoc creator/import/gnu/arm/5.4.1/bin/../lib/gcc/arm-none-eabi/5.4.1/../../../../arm-none-eabi/lib/armv7-m\libg_nano.a(lib_a-memcpy-stub.o)
 .debug_frame   0x00001778       0x20 c:/program files (x86)/cypress/psoc creator/4.2/psoc creator/import/gnu/arm/5.4.1/bin/../lib/gcc/arm-none-eabi/5.4.1/../../../../arm-none-eabi/lib/armv7-m\libg_nano.a(lib_a-memset.o)
 .debug_frame   0x00001798       0x8c c:/program files (x86)/cypress/psoc creator/4.2/psoc creator/import/gnu/arm/5.4.1/bin/../lib/gcc/arm-none-eabi/5.4.1/../../../../arm-none-eabi/lib/armv7-m\libg_nano.a(lib_a-nano-vfprintf_float.o)
 .debug_frame   0x00001824       0x60 c:/program files (x86)/cypress/psoc creator/4.2/psoc creator/import/gnu/arm/5.4.1/bin/../lib/gcc/arm-none-eabi/5.4.1/../../../../arm-none-eabi/lib/armv7-m\libg_nano.a(lib_a-nano-vfprintf_i.o)
 .debug_frame   0x00001884       0x6c c:/program files (x86)/cypress/psoc creator/4.2/psoc creator/import/gnu/arm/5.4.1/bin/../lib/gcc/arm-none-eabi/5.4.1/../../../../arm-none-eabi/lib/armv7-m\libg_nano.a(lib_a-dtoa.o)
 .debug_frame   0x000018f0       0x98 c:/program files (x86)/cypress/psoc creator/4.2/psoc creator/import/gnu/arm/5.4.1/bin/../lib/gcc/arm-none-eabi/5.4.1/../../../../arm-none-eabi/lib/armv7-m\libg_nano.a(lib_a-locale.o)
 .debug_frame   0x00001988       0x30 c:/program files (x86)/cypress/psoc creator/4.2/psoc creator/import/gnu/arm/5.4.1/bin/../lib/gcc/arm-none-eabi/5.4.1/../../../../arm-none-eabi/lib/armv7-m\libg_nano.a(lib_a-malloc.o)
 .debug_frame   0x000019b8       0x28 c:/program files (x86)/cypress/psoc creator/4.2/psoc creator/import/gnu/arm/5.4.1/bin/../lib/gcc/arm-none-eabi/5.4.1/../../../../arm-none-eabi/lib/armv7-m\libg_nano.a(lib_a-memchr-stub.o)
 .debug_frame   0x000019e0      0x234 c:/program files (x86)/cypress/psoc creator/4.2/psoc creator/import/gnu/arm/5.4.1/bin/../lib/gcc/arm-none-eabi/5.4.1/../../../../arm-none-eabi/lib/armv7-m\libg_nano.a(lib_a-mprec.o)
 .debug_frame   0x00001c14       0x2c c:/program files (x86)/cypress/psoc creator/4.2/psoc creator/import/gnu/arm/5.4.1/bin/../lib/gcc/arm-none-eabi/5.4.1/../../../../arm-none-eabi/lib/armv7-m\libg_nano.a(lib_a-nano-callocr.o)
 .debug_frame   0x00001c40       0x38 c:/program files (x86)/cypress/psoc creator/4.2/psoc creator/import/gnu/arm/5.4.1/bin/../lib/gcc/arm-none-eabi/5.4.1/../../../../arm-none-eabi/lib/armv7-m\libg_nano.a(lib_a-nano-freer.o)
 .debug_frame   0x00001c78       0x2c c:/program files (x86)/cypress/psoc creator/4.2/psoc creator/import/gnu/arm/5.4.1/bin/../lib/gcc/arm-none-eabi/5.4.1/../../../../arm-none-eabi/lib/armv7-m\libg_nano.a(lib_a-nano-mallocr.o)
 .debug_frame   0x00001ca4       0x2c c:/program files (x86)/cypress/psoc creator/4.2/psoc creator/import/gnu/arm/5.4.1/bin/../lib/gcc/arm-none-eabi/5.4.1/../../../../arm-none-eabi/lib/armv7-m\libg_nano.a(lib_a-sbrkr.o)
 .debug_frame   0x00001cd0       0x20 c:/program files (x86)/cypress/psoc creator/4.2/psoc creator/import/gnu/arm/5.4.1/bin/../lib/gcc/arm-none-eabi/5.4.1/../../../../arm-none-eabi/lib/armv7-m\libg_nano.a(lib_a-strcmp.o)
 .debug_frame   0x00001cf0       0x30 c:/program files (x86)/cypress/psoc creator/4.2/psoc creator/import/gnu/arm/5.4.1/bin/../lib/gcc/arm-none-eabi/5.4.1/../../../../arm-none-eabi/lib/armv7-m\libg_nano.a(lib_a-mlock.o)
 .debug_frame   0x00001d20       0x5c c:/program files (x86)/cypress/psoc creator/4.2/psoc creator/import/gnu/arm/5.4.1/bin/../lib/gcc/arm-none-eabi/5.4.1/../../../../arm-none-eabi/lib/armv7-m\libg_nano.a(lib_a-reent.o)

.debug_str      0x00000000     0x1ecf
 *(.debug_str)
 .debug_str     0x00000000      0x29d .\CortexM3\ARM_GCC_541\Debug\main.o
                                0x2e5 (size before relaxing)
 .debug_str     0x0000029d      0x1b1 .\CortexM3\ARM_GCC_541\Debug\cyfitter_cfg.o
                                0x355 (size before relaxing)
 .debug_str     0x0000044e       0x7f .\CortexM3\ARM_GCC_541\Debug\cymetadata.o
                                0x1f5 (size before relaxing)
 .debug_str     0x000004cd      0x144 .\CortexM3\ARM_GCC_541\Debug\Cm3Start.o
                                0x31b (size before relaxing)
 .debug_str     0x00000611      0x14e .\CortexM3\ARM_GCC_541\Debug\Practica3.a(Clock_1.o)
                                0x2ff (size before relaxing)
 .debug_str     0x0000075f      0x271 .\CortexM3\ARM_GCC_541\Debug\Practica3.a(generadorPulsosPWM.o)
                                0x459 (size before relaxing)
 .debug_str     0x000009d0      0x108 .\CortexM3\ARM_GCC_541\Debug\Practica3.a(generadorPulsosPWM_PM.o)
                                0x3b5 (size before relaxing)
 .debug_str     0x00000ad8      0x26f .\CortexM3\ARM_GCC_541\Debug\Practica3.a(UART.o)
                                0x486 (size before relaxing)
 .debug_str     0x00000d47      0x194 .\CortexM3\ARM_GCC_541\Debug\Practica3.a(Pantalla.o)
                                0x3a0 (size before relaxing)
 .debug_str     0x00000edb      0x117 .\CortexM3\ARM_GCC_541\Debug\Practica3.a(UART_isr.o)
                                0x2e1 (size before relaxing)
 .debug_str     0x00000ff2      0x138 .\CortexM3\ARM_GCC_541\Debug\Practica3.a(UART_IntClock.o)
                                0x347 (size before relaxing)
 .debug_str     0x0000112a      0x7d9 .\CortexM3\ARM_GCC_541\Debug\Practica3.a(CyLib.o)
                                0xa58 (size before relaxing)
 .debug_str     0x00001903      0x365 .\CortexM3\ARM_GCC_541\Debug\Practica3.a(cyPm.o)
                                0x744 (size before relaxing)
 .debug_str     0x00001c68      0x1bb .\CortexM3\ARM_GCC_541\Debug\Practica3.a(CyFlash.o)
                                0x3d1 (size before relaxing)
 .debug_str     0x00001e23       0xac .\CortexM3\ARM_GCC_541\Debug\Practica3.a(CySpc.o)
                                0x349 (size before relaxing)

.debug_loc      0x00000000     0x234b
 *(.debug_loc)
 .debug_loc     0x00000000       0x13 .\CortexM3\ARM_GCC_541\Debug\main.o
 .debug_loc     0x00000013      0x25a .\CortexM3\ARM_GCC_541\Debug\cyfitter_cfg.o
 .debug_loc     0x0000026d      0x144 .\CortexM3\ARM_GCC_541\Debug\Cm3Start.o
 .debug_loc     0x000003b1      0x128 .\CortexM3\ARM_GCC_541\Debug\Practica3.a(Clock_1.o)
 .debug_loc     0x000004d9       0x26 .\CortexM3\ARM_GCC_541\Debug\Practica3.a(generadorPulsosPWM.o)
 .debug_loc     0x000004ff      0x258 .\CortexM3\ARM_GCC_541\Debug\Practica3.a(UART.o)
 .debug_loc     0x00000757      0x3c6 .\CortexM3\ARM_GCC_541\Debug\Practica3.a(Pantalla.o)
 .debug_loc     0x00000b1d       0x56 .\CortexM3\ARM_GCC_541\Debug\Practica3.a(UART_isr.o)
 .debug_loc     0x00000b73      0x12c .\CortexM3\ARM_GCC_541\Debug\Practica3.a(UART_IntClock.o)
 .debug_loc     0x00000c9f      0xa11 .\CortexM3\ARM_GCC_541\Debug\Practica3.a(CyLib.o)
 .debug_loc     0x000016b0      0x1e4 .\CortexM3\ARM_GCC_541\Debug\Practica3.a(cyPm.o)
 .debug_loc     0x00001894      0x3b2 .\CortexM3\ARM_GCC_541\Debug\Practica3.a(CyFlash.o)
 .debug_loc     0x00001c46      0x705 .\CortexM3\ARM_GCC_541\Debug\Practica3.a(CySpc.o)

.debug_macinfo
 *(.debug_macinfo)

.debug_ranges   0x00000000      0x7e0
 *(.debug_ranges)
 .debug_ranges  0x00000000       0x18 .\CortexM3\ARM_GCC_541\Debug\main.o
 .debug_ranges  0x00000018       0x48 .\CortexM3\ARM_GCC_541\Debug\cyfitter_cfg.o
 .debug_ranges  0x00000060       0x38 .\CortexM3\ARM_GCC_541\Debug\Cm3Start.o
 .debug_ranges  0x00000098       0x60 .\CortexM3\ARM_GCC_541\Debug\Practica3.a(Clock_1.o)
 .debug_ranges  0x000000f8       0x88 .\CortexM3\ARM_GCC_541\Debug\Practica3.a(generadorPulsosPWM.o)
 .debug_ranges  0x00000180       0x28 .\CortexM3\ARM_GCC_541\Debug\Practica3.a(generadorPulsosPWM_PM.o)
 .debug_ranges  0x000001a8       0xe0 .\CortexM3\ARM_GCC_541\Debug\Practica3.a(UART.o)
 .debug_ranges  0x00000288       0x88 .\CortexM3\ARM_GCC_541\Debug\Practica3.a(Pantalla.o)
 .debug_ranges  0x00000310       0x70 .\CortexM3\ARM_GCC_541\Debug\Practica3.a(UART_isr.o)
 .debug_ranges  0x00000380       0x60 .\CortexM3\ARM_GCC_541\Debug\Practica3.a(UART_IntClock.o)
 .debug_ranges  0x000003e0      0x290 .\CortexM3\ARM_GCC_541\Debug\Practica3.a(CyLib.o)
 .debug_ranges  0x00000670       0x88 .\CortexM3\ARM_GCC_541\Debug\Practica3.a(cyPm.o)
 .debug_ranges  0x000006f8       0x78 .\CortexM3\ARM_GCC_541\Debug\Practica3.a(CyFlash.o)
 .debug_ranges  0x00000770       0x70 .\CortexM3\ARM_GCC_541\Debug\Practica3.a(CySpc.o)

.comment        0x00000000       0x6e
 .comment       0x00000000       0x6e .\CortexM3\ARM_GCC_541\Debug\main.o
                                 0x6f (size before relaxing)
 .comment       0x0000006e       0x6f .\CortexM3\ARM_GCC_541\Debug\cyfitter_cfg.o
 .comment       0x0000006e       0x6f .\CortexM3\ARM_GCC_541\Debug\cymetadata.o
 .comment       0x0000006e       0x6f .\CortexM3\ARM_GCC_541\Debug\Cm3Start.o
 .comment       0x0000006e       0x6f .\CortexM3\ARM_GCC_541\Debug\Practica3.a(Clock_1.o)
 .comment       0x0000006e       0x6f .\CortexM3\ARM_GCC_541\Debug\Practica3.a(generadorPulsosPWM.o)
 .comment       0x0000006e       0x6f .\CortexM3\ARM_GCC_541\Debug\Practica3.a(generadorPulsosPWM_PM.o)
 .comment       0x0000006e       0x6f .\CortexM3\ARM_GCC_541\Debug\Practica3.a(UART.o)
 .comment       0x0000006e       0x6f .\CortexM3\ARM_GCC_541\Debug\Practica3.a(Pantalla.o)
 .comment       0x0000006e       0x6f .\CortexM3\ARM_GCC_541\Debug\Practica3.a(UART_isr.o)
 .comment       0x0000006e       0x6f .\CortexM3\ARM_GCC_541\Debug\Practica3.a(UART_IntClock.o)
 .comment       0x0000006e       0x6f .\CortexM3\ARM_GCC_541\Debug\Practica3.a(CyLib.o)
 .comment       0x0000006e       0x6f .\CortexM3\ARM_GCC_541\Debug\Practica3.a(cyPm.o)
 .comment       0x0000006e       0x6f .\CortexM3\ARM_GCC_541\Debug\Practica3.a(CyFlash.o)
 .comment       0x0000006e       0x6f .\CortexM3\ARM_GCC_541\Debug\Practica3.a(CySpc.o)

.debug_weaknames
 *(.debug_weaknames)

.debug_funcnames
 *(.debug_funcnames)

.debug_typenames
 *(.debug_typenames)

.debug_varnames
 *(.debug_varnames)

.note.gnu.arm.ident
 *(.note.gnu.arm.ident)

.ARM.attributes
                0x00000000       0x29
 *(.ARM.attributes)
 .ARM.attributes
                0x00000000       0x1d c:/program files (x86)/cypress/psoc creator/4.2/psoc creator/import/gnu/arm/5.4.1/bin/../lib/gcc/arm-none-eabi/5.4.1/armv7-m/crti.o
 .ARM.attributes
                0x0000001d       0x2d c:/program files (x86)/cypress/psoc creator/4.2/psoc creator/import/gnu/arm/5.4.1/bin/../lib/gcc/arm-none-eabi/5.4.1/armv7-m/crtbegin.o
 .ARM.attributes
                0x0000004a       0x1b c:/program files (x86)/cypress/psoc creator/4.2/psoc creator/import/gnu/arm/5.4.1/bin/../lib/gcc/arm-none-eabi/5.4.1/../../../../arm-none-eabi/lib/armv7-m/crt0.o
 .ARM.attributes
                0x00000065       0x33 .\CortexM3\ARM_GCC_541\Debug\main.o
 .ARM.attributes
                0x00000098       0x33 .\CortexM3\ARM_GCC_541\Debug\cyfitter_cfg.o
 .ARM.attributes
                0x000000cb       0x33 .\CortexM3\ARM_GCC_541\Debug\cymetadata.o
 .ARM.attributes
                0x000000fe       0x33 .\CortexM3\ARM_GCC_541\Debug\Cm3Start.o
 .ARM.attributes
                0x00000131       0x33 .\CortexM3\ARM_GCC_541\Debug\Practica3.a(Clock_1.o)
 .ARM.attributes
                0x00000164       0x33 .\CortexM3\ARM_GCC_541\Debug\Practica3.a(generadorPulsosPWM.o)
 .ARM.attributes
                0x00000197       0x33 .\CortexM3\ARM_GCC_541\Debug\Practica3.a(generadorPulsosPWM_PM.o)
 .ARM.attributes
                0x000001ca       0x33 .\CortexM3\ARM_GCC_541\Debug\Practica3.a(UART.o)
 .ARM.attributes
                0x000001fd       0x33 .\CortexM3\ARM_GCC_541\Debug\Practica3.a(Pantalla.o)
 .ARM.attributes
                0x00000230       0x33 .\CortexM3\ARM_GCC_541\Debug\Practica3.a(UART_isr.o)
 .ARM.attributes
                0x00000263       0x33 .\CortexM3\ARM_GCC_541\Debug\Practica3.a(UART_IntClock.o)
 .ARM.attributes
                0x00000296       0x33 .\CortexM3\ARM_GCC_541\Debug\Practica3.a(CyLib.o)
 .ARM.attributes
                0x000002c9       0x33 .\CortexM3\ARM_GCC_541\Debug\Practica3.a(cyPm.o)
 .ARM.attributes
                0x000002fc       0x21 .\CortexM3\ARM_GCC_541\Debug\Practica3.a(CyBootAsmGnu.o)
 .ARM.attributes
                0x0000031d       0x33 .\CortexM3\ARM_GCC_541\Debug\Practica3.a(CyFlash.o)
 .ARM.attributes
                0x00000350       0x33 .\CortexM3\ARM_GCC_541\Debug\Practica3.a(CySpc.o)
 .ARM.attributes
                0x00000383       0x2d c:/program files (x86)/cypress/psoc creator/4.2/psoc creator/import/gnu/arm/5.4.1/bin/../lib/gcc/arm-none-eabi/5.4.1/../../../../arm-none-eabi/lib/armv7-m\libg_nano.a(lib_a-errno.o)
 .ARM.attributes
                0x000003b0       0x2d c:/program files (x86)/cypress/psoc creator/4.2/psoc creator/import/gnu/arm/5.4.1/bin/../lib/gcc/arm-none-eabi/5.4.1/../../../../arm-none-eabi/lib/armv7-m\libg_nano.a(lib_a-exit.o)
 .ARM.attributes
                0x000003dd       0x2d c:/program files (x86)/cypress/psoc creator/4.2/psoc creator/import/gnu/arm/5.4.1/bin/../lib/gcc/arm-none-eabi/5.4.1/../../../../arm-none-eabi/lib/armv7-m\libg_nano.a(lib_a-impure.o)
 .ARM.attributes
                0x0000040a       0x2d c:/program files (x86)/cypress/psoc creator/4.2/psoc creator/import/gnu/arm/5.4.1/bin/../lib/gcc/arm-none-eabi/5.4.1/../../../../arm-none-eabi/lib/armv7-m\libg_nano.a(lib_a-init.o)
 .ARM.attributes
                0x00000437       0x2d c:/program files (x86)/cypress/psoc creator/4.2/psoc creator/import/gnu/arm/5.4.1/bin/../lib/gcc/arm-none-eabi/5.4.1/../../../../arm-none-eabi/lib/armv7-m\libg_nano.a(lib_a-memcpy-stub.o)
 .ARM.attributes
                0x00000464       0x2d c:/program files (x86)/cypress/psoc creator/4.2/psoc creator/import/gnu/arm/5.4.1/bin/../lib/gcc/arm-none-eabi/5.4.1/../../../../arm-none-eabi/lib/armv7-m\libg_nano.a(lib_a-memset.o)
 .ARM.attributes
                0x00000491       0x2d c:/program files (x86)/cypress/psoc creator/4.2/psoc creator/import/gnu/arm/5.4.1/bin/../lib/gcc/arm-none-eabi/5.4.1/../../../../arm-none-eabi/lib/armv7-m\libg_nano.a(lib_a-nano-vfprintf_float.o)
 .ARM.attributes
                0x000004be       0x2d c:/program files (x86)/cypress/psoc creator/4.2/psoc creator/import/gnu/arm/5.4.1/bin/../lib/gcc/arm-none-eabi/5.4.1/../../../../arm-none-eabi/lib/armv7-m\libg_nano.a(lib_a-nano-vfprintf_i.o)
 .ARM.attributes
                0x000004eb       0x17 c:/program files (x86)/cypress/psoc creator/4.2/psoc creator/import/gnu/arm/5.4.1/bin/../lib/gcc/arm-none-eabi/5.4.1/../../../../arm-none-eabi/lib/armv7-m\libg_nano.a(lib_a-strlen.o)
 .ARM.attributes
                0x00000502       0x2d c:/program files (x86)/cypress/psoc creator/4.2/psoc creator/import/gnu/arm/5.4.1/bin/../lib/gcc/arm-none-eabi/5.4.1/../../../../arm-none-eabi/lib/armv7-m\libg_nano.a(lib_a-dtoa.o)
 .ARM.attributes
                0x0000052f       0x2d c:/program files (x86)/cypress/psoc creator/4.2/psoc creator/import/gnu/arm/5.4.1/bin/../lib/gcc/arm-none-eabi/5.4.1/../../../../arm-none-eabi/lib/armv7-m\libg_nano.a(lib_a-locale.o)
 .ARM.attributes
                0x0000055c       0x2d c:/program files (x86)/cypress/psoc creator/4.2/psoc creator/import/gnu/arm/5.4.1/bin/../lib/gcc/arm-none-eabi/5.4.1/../../../../arm-none-eabi/lib/armv7-m\libg_nano.a(lib_a-malloc.o)
 .ARM.attributes
                0x00000589       0x2d c:/program files (x86)/cypress/psoc creator/4.2/psoc creator/import/gnu/arm/5.4.1/bin/../lib/gcc/arm-none-eabi/5.4.1/../../../../arm-none-eabi/lib/armv7-m\libg_nano.a(lib_a-memchr-stub.o)
 .ARM.attributes
                0x000005b6       0x2d c:/program files (x86)/cypress/psoc creator/4.2/psoc creator/import/gnu/arm/5.4.1/bin/../lib/gcc/arm-none-eabi/5.4.1/../../../../arm-none-eabi/lib/armv7-m\libg_nano.a(lib_a-mprec.o)
 .ARM.attributes
                0x000005e3       0x2d c:/program files (x86)/cypress/psoc creator/4.2/psoc creator/import/gnu/arm/5.4.1/bin/../lib/gcc/arm-none-eabi/5.4.1/../../../../arm-none-eabi/lib/armv7-m\libg_nano.a(lib_a-nano-callocr.o)
 .ARM.attributes
                0x00000610       0x2d c:/program files (x86)/cypress/psoc creator/4.2/psoc creator/import/gnu/arm/5.4.1/bin/../lib/gcc/arm-none-eabi/5.4.1/../../../../arm-none-eabi/lib/armv7-m\libg_nano.a(lib_a-nano-freer.o)
 .ARM.attributes
                0x0000063d       0x2d c:/program files (x86)/cypress/psoc creator/4.2/psoc creator/import/gnu/arm/5.4.1/bin/../lib/gcc/arm-none-eabi/5.4.1/../../../../arm-none-eabi/lib/armv7-m\libg_nano.a(lib_a-nano-mallocr.o)
 .ARM.attributes
                0x0000066a       0x2d c:/program files (x86)/cypress/psoc creator/4.2/psoc creator/import/gnu/arm/5.4.1/bin/../lib/gcc/arm-none-eabi/5.4.1/../../../../arm-none-eabi/lib/armv7-m\libg_nano.a(lib_a-sbrkr.o)
 .ARM.attributes
                0x00000697       0x1b c:/program files (x86)/cypress/psoc creator/4.2/psoc creator/import/gnu/arm/5.4.1/bin/../lib/gcc/arm-none-eabi/5.4.1/../../../../arm-none-eabi/lib/armv7-m\libg_nano.a(lib_a-strcmp.o)
 .ARM.attributes
                0x000006b2       0x2d c:/program files (x86)/cypress/psoc creator/4.2/psoc creator/import/gnu/arm/5.4.1/bin/../lib/gcc/arm-none-eabi/5.4.1/../../../../arm-none-eabi/lib/armv7-m\libg_nano.a(lib_a-mlock.o)
 .ARM.attributes
                0x000006df       0x2d c:/program files (x86)/cypress/psoc creator/4.2/psoc creator/import/gnu/arm/5.4.1/bin/../lib/gcc/arm-none-eabi/5.4.1/../../../../arm-none-eabi/lib/armv7-m\libg_nano.a(lib_a-reent.o)
 .ARM.attributes
                0x0000070c       0x1d c:/program files (x86)/cypress/psoc creator/4.2/psoc creator/import/gnu/arm/5.4.1/bin/../lib/gcc/arm-none-eabi/5.4.1/armv7-m\libgcc.a(_arm_addsubdf3.o)
 .ARM.attributes
                0x00000729       0x1d c:/program files (x86)/cypress/psoc creator/4.2/psoc creator/import/gnu/arm/5.4.1/bin/../lib/gcc/arm-none-eabi/5.4.1/armv7-m\libgcc.a(_arm_muldivdf3.o)
 .ARM.attributes
                0x00000746       0x1d c:/program files (x86)/cypress/psoc creator/4.2/psoc creator/import/gnu/arm/5.4.1/bin/../lib/gcc/arm-none-eabi/5.4.1/armv7-m\libgcc.a(_arm_cmpdf2.o)
 .ARM.attributes
                0x00000763       0x1d c:/program files (x86)/cypress/psoc creator/4.2/psoc creator/import/gnu/arm/5.4.1/bin/../lib/gcc/arm-none-eabi/5.4.1/armv7-m\libgcc.a(_arm_unorddf2.o)
 .ARM.attributes
                0x00000780       0x1d c:/program files (x86)/cypress/psoc creator/4.2/psoc creator/import/gnu/arm/5.4.1/bin/../lib/gcc/arm-none-eabi/5.4.1/armv7-m\libgcc.a(_arm_fixdfsi.o)
 .ARM.attributes
                0x0000079d       0x2d c:/program files (x86)/cypress/psoc creator/4.2/psoc creator/import/gnu/arm/5.4.1/bin/../lib/gcc/arm-none-eabi/5.4.1/armv7-m/crtend.o
 .ARM.attributes
                0x000007ca       0x1d c:/program files (x86)/cypress/psoc creator/4.2/psoc creator/import/gnu/arm/5.4.1/bin/../lib/gcc/arm-none-eabi/5.4.1/armv7-m/crtn.o

/DISCARD/
 *(.note.GNU-stack)
OUTPUT(C:\Users\robin\Universidad\Tercero\2o_Cuat\DSE\Practicas\Practicas\Practica3.cydsn\CortexM3\ARM_GCC_541\Debug\Practica3.elf elf32-littlearm)
